<?xml version="1.0" encoding="utf-8"?>
<TestRun id="259d8f1d-75c8-4683-91e6-e5bdd42bf273" name="chidu@KING_VINCENZO 2026-09-20 12:34:35" runUser="KING_VINCENZO\chidu" xmlns="http://microsoft.com/schemas/VisualStudio/TeamTest/2010">
  <Times creation="2026-09-20T12:34:35.7264210+01:00" queuing="2026-09-20T12:34:35.7264215+01:00" start="2026-09-20T12:33:35.5445206+01:00" finish="2026-09-20T12:34:41.6535051+01:00" />
  <TestSettings name="default" id="9eea2af9-8f81-45d9-93f6-958c0113663b">
    <Deployment runDeploymentRoot="chidu_KING_VINCENZO_2026-09-20_12_34_35" />
  </TestSettings>
  <Results>
    <UnitTestResult executionId="57ead0e0-30fc-4421-8dad-1a2eb4b452f9" testId="f8c6cf0e-29bb-a7cf-8e11-982e2f3c0465" testName="EduTracker.Domain.Tests.UserSensitiveTests.Create_RejectsInvalidFirstName(firstName: &quot;&quot;)" computerName="KING_VINCENZO" duration="00:00:00.0000349" startTime="2026-09-20T12:34:35.7274756+01:00" endTime="2026-09-20T12:34:35.7274758+01:00" testType="13cdc9d9-ddb5-4fa4-a97d-d965ccfc6d4b" outcome="Passed" testListId="8c84fa94-04c1-424b-9868-57a2d4851a1d" relativeResultsDirectory="57ead0e0-30fc-4421-8dad-1a2eb4b452f9" />
    <UnitTestResult executionId="3c0189e6-10ef-49d8-b170-03171b988bda" testId="71b41748-4b8c-2835-9139-9f23c46b8bdd" testName="EduTracker.Domain.Tests.UserTests.Constructor_RejectsInvalidEmailHash(emailHash: &quot;short&quot;)" computerName="KING_VINCENZO" duration="00:00:00.0006609" startTime="2026-09-20T12:34:35.7484109+01:00" endTime="2026-09-20T12:34:35.7484111+01:00" testType="13cdc9d9-ddb5-4fa4-a97d-d965ccfc6d4b" outcome="Passed" testListId="8c84fa94-04c1-424b-9868-57a2d4851a1d" relativeResultsDirectory="3c0189e6-10ef-49d8-b170-03171b988bda" />
    <UnitTestResult executionId="698ceffd-e5cd-438f-ad69-63b88ac9d47d" testId="b8a0634f-395b-65c1-fe00-a112583fa2f8" testName="EduTracker.Domain.Tests.UserTests.Constructor_RejectsInvalidUserNames(userName: &quot;  &quot;)" computerName="KING_VINCENZO" duration="00:00:00.0000516" startTime="2026-09-20T12:34:35.7329051+01:00" endTime="2026-09-20T12:34:35.7329052+01:00" testType="13cdc9d9-ddb5-4fa4-a97d-d965ccfc6d4b" outcome="Passed" testListId="8c84fa94-04c1-424b-9868-57a2d4851a1d" relativeResultsDirectory="698ceffd-e5cd-438f-ad69-63b88ac9d47d" />
    <UnitTestResult executionId="3529f82e-b502-45d5-9e5a-ffcae6081fc1" testId="a3ac32e4-eae1-a01b-3ce0-3ed59236457c" testName="EduTracker.Domain.Tests.OrganizationTests.SetName_InvalidValue_ThrowsAndKeepsOldName" computerName="KING_VINCENZO" duration="00:00:00.0194872" startTime="2026-09-20T12:34:35.7991642+01:00" endTime="2026-09-20T12:34:35.7991645+01:00" testType="13cdc9d9-ddb5-4fa4-a97d-d965ccfc6d4b" outcome="Passed" testListId="8c84fa94-04c1-424b-9868-57a2d4851a1d" relativeResultsDirectory="3529f82e-b502-45d5-9e5a-ffcae6081fc1" />
    <UnitTestResult executionId="f80429b8-2dd1-4890-8f52-00a85f01fb96" testId="65cefc89-56fd-226b-ad43-331cdfe30efb" testName="EduTracker.Domain.Tests.SemesterTests.Constructor_TooFarInPast_Throws" computerName="KING_VINCENZO" duration="00:00:00.0017594" startTime="2026-09-20T12:34:35.7920328+01:00" endTime="2026-09-20T12:34:35.7920330+01:00" testType="13cdc9d9-ddb5-4fa4-a97d-d965ccfc6d4b" outcome="Passed" testListId="8c84fa94-04c1-424b-9868-57a2d4851a1d" relativeResultsDirectory="f80429b8-2dd1-4890-8f52-00a85f01fb96" />
    <UnitTestResult executionId="4357331f-4cd1-4b82-b8fc-478bc76db93b" testId="3127ec38-9085-d13e-bde5-7d3a172468cc" testName="EduTracker.Domain.Tests.UserSensitiveTests.Create_RejectsInvalidFirstName(firstName: &quot;   &quot;)" computerName="KING_VINCENZO" duration="00:00:00.0005169" startTime="2026-09-20T12:34:35.7090068+01:00" endTime="2026-09-20T12:34:35.7090070+01:00" testType="13cdc9d9-ddb5-4fa4-a97d-d965ccfc6d4b" outcome="Passed" testListId="8c84fa94-04c1-424b-9868-57a2d4851a1d" relativeResultsDirectory="4357331f-4cd1-4b82-b8fc-478bc76db93b" />
    <UnitTestResult executionId="7d625858-52d3-4512-b8f8-c2072288f649" testId="400490f2-a39e-c58b-e361-40b399969ebb" testName="EduTracker.Domain.Tests.UserTests.Constructor_RejectsInvalidUserNames(userName: &quot;bad-name&quot;)" computerName="KING_VINCENZO" duration="00:00:00.0079626" startTime="2026-09-20T12:34:35.7301259+01:00" endTime="2026-09-20T12:34:35.7301261+01:00" testType="13cdc9d9-ddb5-4fa4-a97d-d965ccfc6d4b" outcome="Passed" testListId="8c84fa94-04c1-424b-9868-57a2d4851a1d" relativeResultsDirectory="7d625858-52d3-4512-b8f8-c2072288f649" />
    <UnitTestResult executionId="9e1e1e67-f59c-4cb5-b5b7-fb00bb439196" testId="30d9f90f-b323-0566-6b2f-2cff74332e4d" testName="EduTracker.Domain.Tests.UserSessionTests.Constructor_SetsExpirationsFromNow" computerName="KING_VINCENZO" duration="00:00:00.0007142" startTime="2026-09-20T12:34:35.6761076+01:00" endTime="2026-09-20T12:34:35.6761079+01:00" testType="13cdc9d9-ddb5-4fa4-a97d-d965ccfc6d4b" outcome="Passed" testListId="8c84fa94-04c1-424b-9868-57a2d4851a1d" relativeResultsDirectory="9e1e1e67-f59c-4cb5-b5b7-fb00bb439196" />
    <UnitTestResult executionId="4c760fb4-6520-4ed0-a1b5-b8c1a18d1b21" testId="fa16067b-3e56-fb3a-6ff4-7e4abff47f7b" testName="EduTracker.Domain.Tests.UserTests.Constructor_RejectsInvalidEmailHash(emailHash: &quot;aaaaaaaaaaaaaaaaaaaaaaaaaaaaaaaaaaaaaaaaaaaaaaaaaa&quot;···)" computerName="KING_VINCENZO" duration="00:00:00.0000386" startTime="2026-09-20T12:34:35.7745574+01:00" endTime="2026-09-20T12:34:35.7745577+01:00" testType="13cdc9d9-ddb5-4fa4-a97d-d965ccfc6d4b" outcome="Passed" testListId="8c84fa94-04c1-424b-9868-57a2d4851a1d" relativeResultsDirectory="4c760fb4-6520-4ed0-a1b5-b8c1a18d1b21" />
    <UnitTestResult executionId="00027393-147a-46cf-bcdb-5ec2d1683b37" testId="307ed9bd-e097-bb78-9405-d1638d028f11" testName="EduTracker.Domain.Tests.UserSensitiveTests.UpdateName_ValidatesLikeCreate" computerName="KING_VINCENZO" duration="00:00:00.0035683" startTime="2026-09-20T12:34:35.7077635+01:00" endTime="2026-09-20T12:34:35.7077638+01:00" testType="13cdc9d9-ddb5-4fa4-a97d-d965ccfc6d4b" outcome="Passed" testListId="8c84fa94-04c1-424b-9868-57a2d4851a1d" relativeResultsDirectory="00027393-147a-46cf-bcdb-5ec2d1683b37" />
    <UnitTestResult executionId="56042cef-fc47-4709-b9a7-f7d95e27dc25" testId="9351cf18-a89d-df4d-1656-ab4f363da10e" testName="EduTracker.Domain.Tests.UserTests.Constructor_RejectsInvalidPasswordHash(passwordHash: &quot;&quot;)" computerName="KING_VINCENZO" duration="00:00:00.0021591" startTime="2026-09-20T12:34:35.7412232+01:00" endTime="2026-09-20T12:34:35.7412236+01:00" testType="13cdc9d9-ddb5-4fa4-a97d-d965ccfc6d4b" outcome="Passed" testListId="8c84fa94-04c1-424b-9868-57a2d4851a1d" relativeResultsDirectory="56042cef-fc47-4709-b9a7-f7d95e27dc25" />
    <UnitTestResult executionId="c5d654e5-918d-4f08-afe2-6d8567599828" testId="ed2caceb-8ef7-ba2f-c7df-09f08db4f48f" testName="EduTracker.Domain.Tests.OrganizationMemberTests.UpdateRole_NewValue_Updates" computerName="KING_VINCENZO" duration="00:00:01.5504157" startTime="2026-09-20T12:34:35.5573134+01:00" endTime="2026-09-20T12:34:35.5573139+01:00" testType="13cdc9d9-ddb5-4fa4-a97d-d965ccfc6d4b" outcome="Passed" testListId="8c84fa94-04c1-424b-9868-57a2d4851a1d" relativeResultsDirectory="c5d654e5-918d-4f08-afe2-6d8567599828" />
    <UnitTestResult executionId="8460d31d-1970-4c93-a9a6-2a501acc483d" testId="092c10c4-5804-84db-fec2-c52c1278e557" testName="EduTracker.Domain.Tests.OrganizationMemberTests.Constructor_DefaultsToMemberAndActive" computerName="KING_VINCENZO" duration="00:00:00.0790542" startTime="2026-09-20T12:34:35.7446618+01:00" endTime="2026-09-20T12:34:35.7446622+01:00" testType="13cdc9d9-ddb5-4fa4-a97d-d965ccfc6d4b" outcome="Passed" testListId="8c84fa94-04c1-424b-9868-57a2d4851a1d" relativeResultsDirectory="8460d31d-1970-4c93-a9a6-2a501acc483d" />
    <UnitTestResult executionId="9040ebcd-f59e-4a40-bc77-a8ad0fea4eea" testId="c289c67e-fb66-e8ea-45f9-fef5ff024de3" testName="EduTracker.Domain.Tests.UserTests.Constructor_RejectsInvalidEmailHash(emailHash: null)" computerName="KING_VINCENZO" duration="00:00:00.0000486" startTime="2026-09-20T12:34:35.7665194+01:00" endTime="2026-09-20T12:34:35.7665197+01:00" testType="13cdc9d9-ddb5-4fa4-a97d-d965ccfc6d4b" outcome="Passed" testListId="8c84fa94-04c1-424b-9868-57a2d4851a1d" relativeResultsDirectory="9040ebcd-f59e-4a40-bc77-a8ad0fea4eea" />
    <UnitTestResult executionId="a907d393-4dbe-40b1-a028-cdf9631d8aae" testId="6f951fca-4663-8a6f-8fa7-69f3d261ed65" testName="EduTracker.Domain.Tests.UserTests.SetEmailHash_SameValue_IsNoOp" computerName="KING_VINCENZO" duration="00:00:00.0651297" startTime="2026-09-20T12:34:35.8283621+01:00" endTime="2026-09-20T12:34:35.8283625+01:00" testType="13cdc9d9-ddb5-4fa4-a97d-d965ccfc6d4b" outcome="Passed" testListId="8c84fa94-04c1-424b-9868-57a2d4851a1d" relativeResultsDirectory="a907d393-4dbe-40b1-a028-cdf9631d8aae" />
    <UnitTestResult executionId="c9ec13fc-1a39-401d-b175-2f4f72c88363" testId="7ecacd26-c898-788d-de70-3ca7685479ad" testName="EduTracker.Domain.Tests.UserSessionTests.Constructor_AbsoluteShorterThanSliding_Throws" computerName="KING_VINCENZO" duration="00:00:00.0004316" startTime="2026-09-20T12:34:35.5939409+01:00" endTime="2026-09-20T12:34:35.5939413+01:00" testType="13cdc9d9-ddb5-4fa4-a97d-d965ccfc6d4b" outcome="Passed" testListId="8c84fa94-04c1-424b-9868-57a2d4851a1d" relativeResultsDirectory="c9ec13fc-1a39-401d-b175-2f4f72c88363" />
    <UnitTestResult executionId="2f0aa27b-1f05-4d23-a0a6-af732245f034" testId="9e5c99be-78c8-ca6f-8d27-1b2cde0f55d8" testName="EduTracker.Domain.Tests.SemesterTests.Constructor_CurrentYear_SetsDerivedValues" computerName="KING_VINCENZO" duration="00:00:00.0008352" startTime="2026-09-20T12:34:35.8276270+01:00" endTime="2026-09-20T12:34:35.8276272+01:00" testType="13cdc9d9-ddb5-4fa4-a97d-d965ccfc6d4b" outcome="Passed" testListId="8c84fa94-04c1-424b-9868-57a2d4851a1d" relativeResultsDirectory="2f0aa27b-1f05-4d23-a0a6-af732245f034" />
    <UnitTestResult executionId="7c296d7c-1984-4d9c-b1b7-c47fe5c6dc8d" testId="51684b89-572f-d256-93b1-ac873cad696f" testName="EduTracker.Domain.Tests.OrganizationMemberTests.UpdateRole_UndefinedValue_Throws" computerName="KING_VINCENZO" duration="00:00:00.0005553" startTime="2026-09-20T12:34:35.7633630+01:00" endTime="2026-09-20T12:34:35.7633631+01:00" testType="13cdc9d9-ddb5-4fa4-a97d-d965ccfc6d4b" outcome="Passed" testListId="8c84fa94-04c1-424b-9868-57a2d4851a1d" relativeResultsDirectory="7c296d7c-1984-4d9c-b1b7-c47fe5c6dc8d" />
    <UnitTestResult executionId="28267c70-88e3-4c92-8af6-75a1ec8c65a9" testId="e7283b1a-e2ba-cf58-f682-8b0c80a17236" testName="EduTracker.Domain.Tests.OrganizationMemberTests.AssignToDepartment_SetsBothIds" computerName="KING_VINCENZO" duration="00:00:00.0165695" startTime="2026-09-20T12:34:35.6791948+01:00" endTime="2026-09-20T12:34:35.6791949+01:00" testType="13cdc9d9-ddb5-4fa4-a97d-d965ccfc6d4b" outcome="Passed" testListId="8c84fa94-04c1-424b-9868-57a2d4851a1d" relativeResultsDirectory="28267c70-88e3-4c92-8af6-75a1ec8c65a9" />
    <UnitTestResult executionId="7f5f78c4-cd55-4470-8fec-ad82b536475e" testId="ff4f814f-6638-fc5b-1d66-ef13430233b2" testName="EduTracker.Domain.Tests.OrganizationTests.Constructor_RejectsTooLongName" computerName="KING_VINCENZO" duration="00:00:00.0006325" startTime="2026-09-20T12:34:35.8473862+01:00" endTime="2026-09-20T12:34:35.8473864+01:00" testType="13cdc9d9-ddb5-4fa4-a97d-d965ccfc6d4b" outcome="Passed" testListId="8c84fa94-04c1-424b-9868-57a2d4851a1d" relativeResultsDirectory="7f5f78c4-cd55-4470-8fec-ad82b536475e" />
    <UnitTestResult executionId="5bdbf261-4fe6-4be3-a8aa-4c3b3e25282a" testId="0d5f71f8-9f89-726e-844c-4b7c539e86b4" testName="EduTracker.Domain.Tests.UserSessionTests.ShouldRefresh_RevokedSession_ReturnsFalse" computerName="KING_VINCENZO" duration="00:00:00.0002410" startTime="2026-09-20T12:34:35.6786124+01:00" endTime="2026-09-20T12:34:35.6786126+01:00" testType="13cdc9d9-ddb5-4fa4-a97d-d965ccfc6d4b" outcome="Passed" testListId="8c84fa94-04c1-424b-9868-57a2d4851a1d" relativeResultsDirectory="5bdbf261-4fe6-4be3-a8aa-4c3b3e25282a" />
    <UnitTestResult executionId="850c7f09-a4b2-4d1e-9f9c-2e02d459d174" testId="bab32ad8-2226-849b-06b6-834a0a77e787" testName="EduTracker.Domain.Tests.UserSessionTests.ShouldRefresh_OutOfRangeThreshold_Throws(threshold: 0)" computerName="KING_VINCENZO" duration="00:00:00.0069388" startTime="2026-09-20T12:34:35.5950042+01:00" endTime="2026-09-20T12:34:35.5950045+01:00" testType="13cdc9d9-ddb5-4fa4-a97d-d965ccfc6d4b" outcome="Passed" testListId="8c84fa94-04c1-424b-9868-57a2d4851a1d" relativeResultsDirectory="850c7f09-a4b2-4d1e-9f9c-2e02d459d174" />
    <UnitTestResult executionId="3b8e62eb-f64d-4dcc-a7ee-1f17e15d3546" testId="15332689-fc2a-8bb7-0815-5e5fbbc060d5" testName="EduTracker.Domain.Tests.UserSensitiveTests.Create_RejectsInvalidEmail(email: &quot;&quot;)" computerName="KING_VINCENZO" duration="00:00:00.0000531" startTime="2026-09-20T12:34:35.6914078+01:00" endTime="2026-09-20T12:34:35.6914085+01:00" testType="13cdc9d9-ddb5-4fa4-a97d-d965ccfc6d4b" outcome="Passed" testListId="8c84fa94-04c1-424b-9868-57a2d4851a1d" relativeResultsDirectory="3b8e62eb-f64d-4dcc-a7ee-1f17e15d3546" />
    <UnitTestResult executionId="cc7b6383-5ec6-4291-9b46-1adf74665b13" testId="792287a0-6bda-908f-3360-4802ad5a27b2" testName="EduTracker.Domain.Tests.UserSensitiveTests.Create_RejectsInvalidFirstName(firstName: null)" computerName="KING_VINCENZO" duration="00:00:00.0000257" startTime="2026-09-20T12:34:35.7283509+01:00" endTime="2026-09-20T12:34:35.7283511+01:00" testType="13cdc9d9-ddb5-4fa4-a97d-d965ccfc6d4b" outcome="Passed" testListId="8c84fa94-04c1-424b-9868-57a2d4851a1d" relativeResultsDirectory="cc7b6383-5ec6-4291-9b46-1adf74665b13" />
    <UnitTestResult executionId="48bf87dd-0325-4350-9a48-70c0bb934004" testId="e6c7fc82-99e2-d22d-c84e-f5f6fd8f765f" testName="EduTracker.Domain.Tests.UserTests.Constructor_RejectsInvalidUserNames(userName: &quot;ab&quot;)" computerName="KING_VINCENZO" duration="00:00:00.0000543" startTime="2026-09-20T12:34:35.7375802+01:00" endTime="2026-09-20T12:34:35.7375805+01:00" testType="13cdc9d9-ddb5-4fa4-a97d-d965ccfc6d4b" outcome="Passed" testListId="8c84fa94-04c1-424b-9868-57a2d4851a1d" relativeResultsDirectory="48bf87dd-0325-4350-9a48-70c0bb934004" />
    <UnitTestResult executionId="863bf143-fe2d-4fc1-b97b-64bc6703b0f2" testId="7c0ccfd4-8781-21e0-ec01-384ec8abd5a2" testName="EduTracker.Domain.Tests.OrganizationTests.Constructor_RejectsInvalidNames(name: &quot;   &quot;)" computerName="KING_VINCENZO" duration="00:00:00.0000532" startTime="2026-09-20T12:34:35.8099925+01:00" endTime="2026-09-20T12:34:35.8099927+01:00" testType="13cdc9d9-ddb5-4fa4-a97d-d965ccfc6d4b" outcome="Passed" testListId="8c84fa94-04c1-424b-9868-57a2d4851a1d" relativeResultsDirectory="863bf143-fe2d-4fc1-b97b-64bc6703b0f2" />
    <UnitTestResult executionId="c1cd9f70-a5d1-494a-87de-6a537151faee" testId="ec67df93-6768-b7e6-8a9a-f367b055c6a2" testName="EduTracker.Domain.Tests.UserSessionTests.ExtendSession_RevokedSession_IsNoOp" computerName="KING_VINCENZO" duration="00:00:00.0032620" startTime="2026-09-20T12:34:35.6113346+01:00" endTime="2026-09-20T12:34:35.6113348+01:00" testType="13cdc9d9-ddb5-4fa4-a97d-d965ccfc6d4b" outcome="Passed" testListId="8c84fa94-04c1-424b-9868-57a2d4851a1d" relativeResultsDirectory="c1cd9f70-a5d1-494a-87de-6a537151faee" />
    <UnitTestResult executionId="97780595-2a8e-4db1-ae3d-1a5a1121296a" testId="a57a7a31-9fc1-9a1e-f57f-94d3872e1d1b" testName="EduTracker.Domain.Tests.OrganizationTests.Constructor_RejectsInvalidNames(name: null)" computerName="KING_VINCENZO" duration="00:00:00.0000317" startTime="2026-09-20T12:34:35.8135225+01:00" endTime="2026-09-20T12:34:35.8135227+01:00" testType="13cdc9d9-ddb5-4fa4-a97d-d965ccfc6d4b" outcome="Passed" testListId="8c84fa94-04c1-424b-9868-57a2d4851a1d" relativeResultsDirectory="97780595-2a8e-4db1-ae3d-1a5a1121296a" />
    <UnitTestResult executionId="0c43535f-7bac-43b0-8d10-faa2046f5469" testId="7a9af2aa-4232-6071-5fae-fcc706545077" testName="EduTracker.Domain.Tests.UserTests.Constructor_RejectsInvalidPasswordHash(passwordHash: null)" computerName="KING_VINCENZO" duration="00:00:00.0000615" startTime="2026-09-20T12:34:35.7431163+01:00" endTime="2026-09-20T12:34:35.7431169+01:00" testType="13cdc9d9-ddb5-4fa4-a97d-d965ccfc6d4b" outcome="Passed" testListId="8c84fa94-04c1-424b-9868-57a2d4851a1d" relativeResultsDirectory="0c43535f-7bac-43b0-8d10-faa2046f5469" />
    <UnitTestResult executionId="0399d4ad-7236-4fb8-9657-6fae7884793d" testId="1a5bf4c5-12fa-a8a8-1e7e-e8aa12a6f34b" testName="EduTracker.Domain.Tests.UserSensitiveTests.Create_RejectsInvalidEmail(email: &quot;missing-at.example.com&quot;)" computerName="KING_VINCENZO" duration="00:00:00.0175101" startTime="2026-09-20T12:34:35.6929058+01:00" endTime="2026-09-20T12:34:35.6929059+01:00" testType="13cdc9d9-ddb5-4fa4-a97d-d965ccfc6d4b" outcome="Passed" testListId="8c84fa94-04c1-424b-9868-57a2d4851a1d" relativeResultsDirectory="0399d4ad-7236-4fb8-9657-6fae7884793d" />
    <UnitTestResult executionId="feb8e08a-b81f-4448-8654-6fce24278d70" testId="783670f0-9c09-a934-5435-1943968b3411" testName="EduTracker.Domain.Tests.UserSessionTests.Revoke_IsIdempotent" computerName="KING_VINCENZO" duration="00:00:01.5853430" startTime="2026-09-20T12:34:35.4584542+01:00" endTime="2026-09-20T12:34:35.4585602+01:00" testType="13cdc9d9-ddb5-4fa4-a97d-d965ccfc6d4b" outcome="Passed" testListId="8c84fa94-04c1-424b-9868-57a2d4851a1d" relativeResultsDirectory="feb8e08a-b81f-4448-8654-6fce24278d70" />
    <UnitTestResult executionId="b284a7d6-deeb-47ac-96fd-08a240e1aa6c" testId="ae442de7-9ffe-d63d-fc41-ca2e7dea0e5b" testName="EduTracker.Domain.Tests.UserSensitiveTests.Create_TrimsAndLowercasesEmail" computerName="KING_VINCENZO" duration="00:00:00.0428314" startTime="2026-09-20T12:34:35.7939041+01:00" endTime="2026-09-20T12:34:35.7939043+01:00" testType="13cdc9d9-ddb5-4fa4-a97d-d965ccfc6d4b" outcome="Passed" testListId="8c84fa94-04c1-424b-9868-57a2d4851a1d" relativeResultsDirectory="b284a7d6-deeb-47ac-96fd-08a240e1aa6c" />
    <UnitTestResult executionId="6e23941d-a347-41bc-972f-4493b27fb344" testId="e288cad1-ff99-21dd-7202-9de71c3aabbc" testName="EduTracker.Domain.Tests.UserTests.SetEncryptedData_NullOrEmpty_Throws" computerName="KING_VINCENZO" duration="00:00:00.0026084" startTime="2026-09-20T12:34:35.8424366+01:00" endTime="2026-09-20T12:34:35.8424367+01:00" testType="13cdc9d9-ddb5-4fa4-a97d-d965ccfc6d4b" outcome="Passed" testListId="8c84fa94-04c1-424b-9868-57a2d4851a1d" relativeResultsDirectory="6e23941d-a347-41bc-972f-4493b27fb344" />
    <UnitTestResult executionId="2a5e5475-48d6-4a88-974a-f99a33d1a26f" testId="0cd6c87e-7509-9827-0e24-765cad2f9931" testName="EduTracker.Domain.Tests.OrganizationTests.Constructor_RejectsInvalidNames(name: &quot;Trailing &quot;)" computerName="KING_VINCENZO" duration="00:00:00.0004287" startTime="2026-09-20T12:34:35.8091224+01:00" endTime="2026-09-20T12:34:35.8091227+01:00" testType="13cdc9d9-ddb5-4fa4-a97d-d965ccfc6d4b" outcome="Passed" testListId="8c84fa94-04c1-424b-9868-57a2d4851a1d" relativeResultsDirectory="2a5e5475-48d6-4a88-974a-f99a33d1a26f" />
    <UnitTestResult executionId="3ff5a856-ea9e-4ab5-ba99-59f2ed0a3ca3" testId="907d1771-3cf9-90ca-5ebb-87c20bf1d71c" testName="EduTracker.Domain.Tests.OrganizationMemberTests.UpdateStatus_UndefinedValue_Throws" computerName="KING_VINCENZO" duration="00:00:00.0013680" startTime="2026-09-20T12:34:35.7771637+01:00" endTime="2026-09-20T12:34:35.7771639+01:00" testType="13cdc9d9-ddb5-4fa4-a97d-d965ccfc6d4b" outcome="Passed" testListId="8c84fa94-04c1-424b-9868-57a2d4851a1d" relativeResultsDirectory="3ff5a856-ea9e-4ab5-ba99-59f2ed0a3ca3" />
    <UnitTestResult executionId="9330b40e-e403-4ed3-aa10-1b28e054f566" testId="0eab6b6c-a675-4d0f-db35-35fdc6682e68" testName="EduTracker.Domain.Tests.SemesterTests.Constructor_BoundaryYears_AreAccepted" computerName="KING_VINCENZO" duration="00:00:00.0584216" startTime="2026-09-20T12:34:35.8267138+01:00" endTime="2026-09-20T12:34:35.8267141+01:00" testType="13cdc9d9-ddb5-4fa4-a97d-d965ccfc6d4b" outcome="Passed" testListId="8c84fa94-04c1-424b-9868-57a2d4851a1d" relativeResultsDirectory="9330b40e-e403-4ed3-aa10-1b28e054f566" />
    <UnitTestResult executionId="e1f0ba3b-417c-4ad2-ab25-cc4f3e2b01dc" testId="bb282ee9-259f-d1bb-f3b2-d115730e29fd" testName="EduTracker.Domain.Tests.OrganizationTests.SetName_SameValue_IsNoOp" computerName="KING_VINCENZO" duration="00:00:00.0004392" startTime="2026-09-20T12:34:35.8069249+01:00" endTime="2026-09-20T12:34:35.8069250+01:00" testType="13cdc9d9-ddb5-4fa4-a97d-d965ccfc6d4b" outcome="Passed" testListId="8c84fa94-04c1-424b-9868-57a2d4851a1d" relativeResultsDirectory="e1f0ba3b-417c-4ad2-ab25-cc4f3e2b01dc" />
    <UnitTestResult executionId="8411f834-b411-43c7-b570-a3868540a966" testId="307519a8-6882-17ac-f7fa-457eb86d622d" testName="EduTracker.Domain.Tests.OrganizationTests.Constructor_RejectsInvalidNames(name: &quot;Bad!Name&quot;)" computerName="KING_VINCENZO" duration="00:00:00.0000397" startTime="2026-09-20T12:34:35.8123800+01:00" endTime="2026-09-20T12:34:35.8123801+01:00" testType="13cdc9d9-ddb5-4fa4-a97d-d965ccfc6d4b" outcome="Passed" testListId="8c84fa94-04c1-424b-9868-57a2d4851a1d" relativeResultsDirectory="8411f834-b411-43c7-b570-a3868540a966" />
    <UnitTestResult executionId="fc8de990-a06d-41ec-a133-208c164fcdde" testId="c524b99c-56a6-8c16-1bdb-55ace1f07dcc" testName="EduTracker.Domain.Tests.UserSessionTests.Constructor_NonPositiveSlidingLifetime_Throws" computerName="KING_VINCENZO" duration="00:00:00.0011019" startTime="2026-09-20T12:34:35.5620652+01:00" endTime="2026-09-20T12:34:35.5620654+01:00" testType="13cdc9d9-ddb5-4fa4-a97d-d965ccfc6d4b" outcome="Passed" testListId="8c84fa94-04c1-424b-9868-57a2d4851a1d" relativeResultsDirectory="fc8de990-a06d-41ec-a133-208c164fcdde" />
    <UnitTestResult executionId="8a071f18-507e-4dac-b7c6-580f2e920c9b" testId="ef8b37e8-a66e-4682-7560-fa1414e4866e" testName="EduTracker.Domain.Tests.UserTests.Constructor_RejectsInvalidUserNames(userName: &quot;&quot;)" computerName="KING_VINCENZO" duration="00:00:00.0000328" startTime="2026-09-20T12:34:35.7388606+01:00" endTime="2026-09-20T12:34:35.7388609+01:00" testType="13cdc9d9-ddb5-4fa4-a97d-d965ccfc6d4b" outcome="Passed" testListId="8c84fa94-04c1-424b-9868-57a2d4851a1d" relativeResultsDirectory="8a071f18-507e-4dac-b7c6-580f2e920c9b" />
    <UnitTestResult executionId="9cdced48-36e2-4a0c-b60b-b187379464c8" testId="b4191824-24f1-1537-064c-3b4bd7395847" testName="EduTracker.Domain.Tests.UserSensitiveTests.Create_InvalidMiddleName_Throws" computerName="KING_VINCENZO" duration="00:00:00.0007796" startTime="2026-09-20T12:34:35.7291971+01:00" endTime="2026-09-20T12:34:35.7291972+01:00" testType="13cdc9d9-ddb5-4fa4-a97d-d965ccfc6d4b" outcome="Passed" testListId="8c84fa94-04c1-424b-9868-57a2d4851a1d" relativeResultsDirectory="9cdced48-36e2-4a0c-b60b-b187379464c8" />
    <UnitTestResult executionId="fcc518e8-2754-405e-acfd-8fcb3ac7939a" testId="159359c9-7aa8-518b-fc2c-4100a23ddb48" testName="EduTracker.Domain.Tests.SemesterTests.Constructor_TooFarInFuture_Throws" computerName="KING_VINCENZO" duration="00:00:00.0008716" startTime="2026-09-20T12:34:35.7930133+01:00" endTime="2026-09-20T12:34:35.7930135+01:00" testType="13cdc9d9-ddb5-4fa4-a97d-d965ccfc6d4b" outcome="Passed" testListId="8c84fa94-04c1-424b-9868-57a2d4851a1d" relativeResultsDirectory="fcc518e8-2754-405e-acfd-8fcb3ac7939a" />
    <UnitTestResult executionId="6e76a55a-038f-4a33-a51a-c4132b7012c6" testId="5abf9215-f18a-67b2-a2b3-3f069a731399" testName="EduTracker.Domain.Tests.OrganizationTests.Constructor_RejectsInvalidNames(name: &quot;&quot;)" computerName="KING_VINCENZO" duration="00:00:00.0000381" startTime="2026-09-20T12:34:35.8116250+01:00" endTime="2026-09-20T12:34:35.8116252+01:00" testType="13cdc9d9-ddb5-4fa4-a97d-d965ccfc6d4b" outcome="Passed" testListId="8c84fa94-04c1-424b-9868-57a2d4851a1d" relativeResultsDirectory="6e76a55a-038f-4a33-a51a-c4132b7012c6" />
    <UnitTestResult executionId="f00b8af8-7a1c-451d-b723-678d2f5bb64c" testId="c80c0f0b-ebfc-59eb-fd7d-ec56b5e759f0" testName="EduTracker.Domain.Tests.UserTests.Constructor_RejectsInvalidPasswordHash(passwordHash: &quot;short&quot;)" computerName="KING_VINCENZO" duration="00:00:00.0010237" startTime="2026-09-20T12:34:35.7421745+01:00" endTime="2026-09-20T12:34:35.7421747+01:00" testType="13cdc9d9-ddb5-4fa4-a97d-d965ccfc6d4b" outcome="Passed" testListId="8c84fa94-04c1-424b-9868-57a2d4851a1d" relativeResultsDirectory="f00b8af8-7a1c-451d-b723-678d2f5bb64c" />
    <UnitTestResult executionId="ef2a2f5a-226d-4ba6-bb3e-15200c1deb5f" testId="00d81dce-d8a3-97d2-8f84-39090b59bc3e" testName="EduTracker.Domain.Tests.OrganizationTests.Constructor_RejectsInvalidNames(name: &quot;Double  space&quot;)" computerName="KING_VINCENZO" duration="00:00:00.0000647" startTime="2026-09-20T12:34:35.8108115+01:00" endTime="2026-09-20T12:34:35.8108117+01:00" testType="13cdc9d9-ddb5-4fa4-a97d-d965ccfc6d4b" outcome="Passed" testListId="8c84fa94-04c1-424b-9868-57a2d4851a1d" relativeResultsDirectory="ef2a2f5a-226d-4ba6-bb3e-15200c1deb5f" />
    <UnitTestResult executionId="5945f45d-05ef-48ba-bbff-8fe6cb291408" testId="e5f4b533-4739-761b-9135-a3462a6471cf" testName="EduTracker.Domain.Tests.UserTests.Constructor_RejectsInvalidUserNames(userName: &quot;bad name&quot;)" computerName="KING_VINCENZO" duration="00:00:00.0000729" startTime="2026-09-20T12:34:35.7367598+01:00" endTime="2026-09-20T12:34:35.7367603+01:00" testType="13cdc9d9-ddb5-4fa4-a97d-d965ccfc6d4b" outcome="Passed" testListId="8c84fa94-04c1-424b-9868-57a2d4851a1d" relativeResultsDirectory="5945f45d-05ef-48ba-bbff-8fe6cb291408" />
    <UnitTestResult executionId="dfe856c6-bfa2-4a20-a61f-449cedd5df3c" testId="8af3ddd3-551f-ef2b-3bfc-b6c29e9c5033" testName="EduTracker.Domain.Tests.UserSensitiveTests.Create_RejectsInvalidFirstName(firstName: &quot;Bad123&quot;)" computerName="KING_VINCENZO" duration="00:00:00.0003977" startTime="2026-09-20T12:34:35.7097942+01:00" endTime="2026-09-20T12:34:35.7097945+01:00" testType="13cdc9d9-ddb5-4fa4-a97d-d965ccfc6d4b" outcome="Passed" testListId="8c84fa94-04c1-424b-9868-57a2d4851a1d" relativeResultsDirectory="dfe856c6-bfa2-4a20-a61f-449cedd5df3c" />
    <UnitTestResult executionId="f9829d96-ce20-4eb2-bf18-eec03a5a2592" testId="4ef4f0ce-8adc-274b-5b15-4c7e87514c6b" testName="EduTracker.Domain.Tests.UserTests.Lock_Unlock_AreIdempotent" computerName="KING_VINCENZO" duration="00:00:00.0015648" startTime="2026-09-20T12:34:35.7812525+01:00" endTime="2026-09-20T12:34:35.7812526+01:00" testType="13cdc9d9-ddb5-4fa4-a97d-d965ccfc6d4b" outcome="Passed" testListId="8c84fa94-04c1-424b-9868-57a2d4851a1d" relativeResultsDirectory="f9829d96-ce20-4eb2-bf18-eec03a5a2592" />
    <UnitTestResult executionId="9d73fc8b-a523-47cf-97a6-227c192695eb" testId="5f475eae-bd87-0d44-5a91-79f56fad584c" testName="EduTracker.Domain.Tests.OrganizationMemberTests.UpdateRole_SameValue_IsNoOp" computerName="KING_VINCENZO" duration="00:00:00.0005931" startTime="2026-09-20T12:34:35.7781106+01:00" endTime="2026-09-20T12:34:35.7781109+01:00" testType="13cdc9d9-ddb5-4fa4-a97d-d965ccfc6d4b" outcome="Passed" testListId="8c84fa94-04c1-424b-9868-57a2d4851a1d" relativeResultsDirectory="9d73fc8b-a523-47cf-97a6-227c192695eb" />
    <UnitTestResult executionId="bf5b1971-724f-4c25-965e-c8d3f6befecb" testId="ceb12d8a-0b6e-0daa-573c-5f8961ec363b" testName="EduTracker.Domain.Tests.UserTests.UpdateRole_UndefinedValue_Throws" computerName="KING_VINCENZO" duration="00:00:00.0126649" startTime="2026-09-20T12:34:35.8400264+01:00" endTime="2026-09-20T12:34:35.8400268+01:00" testType="13cdc9d9-ddb5-4fa4-a97d-d965ccfc6d4b" outcome="Passed" testListId="8c84fa94-04c1-424b-9868-57a2d4851a1d" relativeResultsDirectory="bf5b1971-724f-4c25-965e-c8d3f6befecb" />
    <UnitTestResult executionId="5b4eeae5-6934-4e9f-b92a-9d5b29042010" testId="e1e00282-1286-1e3d-d2e7-052f6930255f" testName="EduTracker.Domain.Tests.UserSessionTests.ShouldRefresh_OutOfRangeThreshold_Throws(threshold: 101)" computerName="KING_VINCENZO" duration="00:00:00.0000452" startTime="2026-09-20T12:34:35.5977730+01:00" endTime="2026-09-20T12:34:35.5977734+01:00" testType="13cdc9d9-ddb5-4fa4-a97d-d965ccfc6d4b" outcome="Passed" testListId="8c84fa94-04c1-424b-9868-57a2d4851a1d" relativeResultsDirectory="5b4eeae5-6934-4e9f-b92a-9d5b29042010" />
    <UnitTestResult executionId="3d1c3348-72dd-4396-8984-3d778a454b2c" testId="6714c2c1-d6a4-26a3-e71e-ea380d3a424f" testName="EduTracker.Domain.Tests.OrganizationTests.Constructor_RejectsInvalidNames(name: &quot;ab&quot;)" computerName="KING_VINCENZO" duration="00:00:00.0000401" startTime="2026-09-20T12:34:35.8160823+01:00" endTime="2026-09-20T12:34:35.8160826+01:00" testType="13cdc9d9-ddb5-4fa4-a97d-d965ccfc6d4b" outcome="Passed" testListId="8c84fa94-04c1-424b-9868-57a2d4851a1d" relativeResultsDirectory="3d1c3348-72dd-4396-8984-3d778a454b2c" />
    <UnitTestResult executionId="0f1d58cb-6c95-49e6-a34c-15e78c27a13e" testId="139205d2-80eb-a4b7-8709-194d3100bb36" testName="EduTracker.Domain.Tests.UserTests.Constructor_RejectsInvalidEmailHash(emailHash: &quot;&quot;)" computerName="KING_VINCENZO" duration="00:00:00.0003540" startTime="2026-09-20T12:34:35.7625131+01:00" endTime="2026-09-20T12:34:35.7625134+01:00" testType="13cdc9d9-ddb5-4fa4-a97d-d965ccfc6d4b" outcome="Passed" testListId="8c84fa94-04c1-424b-9868-57a2d4851a1d" relativeResultsDirectory="0f1d58cb-6c95-49e6-a34c-15e78c27a13e" />
    <UnitTestResult executionId="8718773e-2186-41f0-b528-72349906cfd0" testId="c88443ee-c101-f3ce-4842-f8dd8dd4ff17" testName="EduTracker.Domain.Tests.UserSensitiveTests.Create_OptionalMiddleName_MayBeNull" computerName="KING_VINCENZO" duration="00:00:00.0095489" startTime="2026-09-20T12:34:35.6996378+01:00" endTime="2026-09-20T12:34:35.6996380+01:00" testType="13cdc9d9-ddb5-4fa4-a97d-d965ccfc6d4b" outcome="Passed" testListId="8c84fa94-04c1-424b-9868-57a2d4851a1d" relativeResultsDirectory="8718773e-2186-41f0-b528-72349906cfd0" />
    <UnitTestResult executionId="fe857fee-d5cc-4310-8204-51ceef9e5578" testId="0119f3a7-9be5-30e3-6ac1-f89e1e701fc2" testName="EduTracker.Domain.Tests.UserTests.Constructor_RejectsInvalidUserNames(userName: null)" computerName="KING_VINCENZO" duration="00:00:00.0004750" startTime="2026-09-20T12:34:35.7320274+01:00" endTime="2026-09-20T12:34:35.7320276+01:00" testType="13cdc9d9-ddb5-4fa4-a97d-d965ccfc6d4b" outcome="Passed" testListId="8c84fa94-04c1-424b-9868-57a2d4851a1d" relativeResultsDirectory="fe857fee-d5cc-4310-8204-51ceef9e5578" />
    <UnitTestResult executionId="de674bc5-e236-408d-b3e5-98a4a1c6e45f" testId="6e333055-9d14-0a12-2a1c-77aee4589864" testName="EduTracker.Domain.Tests.UserSensitiveTests.Create_RejectsInvalidEmail(email: &quot;not-an-email&quot;)" computerName="KING_VINCENZO" duration="00:00:00.0001410" startTime="2026-09-20T12:34:35.6941073+01:00" endTime="2026-09-20T12:34:35.6941075+01:00" testType="13cdc9d9-ddb5-4fa4-a97d-d965ccfc6d4b" outcome="Passed" testListId="8c84fa94-04c1-424b-9868-57a2d4851a1d" relativeResultsDirectory="de674bc5-e236-408d-b3e5-98a4a1c6e45f" />
    <UnitTestResult executionId="bc2e7b13-6fec-4ddc-bbd0-d7a53d2839af" testId="5edba8e4-ee3b-92af-7661-13f56ec84a71" testName="EduTracker.Domain.Tests.OrganizationMemberTests.UpdateStatus_SameValue_IsNoOp" computerName="KING_VINCENZO" duration="00:00:00.0001862" startTime="2026-09-20T12:34:35.7807732+01:00" endTime="2026-09-20T12:34:35.7807735+01:00" testType="13cdc9d9-ddb5-4fa4-a97d-d965ccfc6d4b" outcome="Passed" testListId="8c84fa94-04c1-424b-9868-57a2d4851a1d" relativeResultsDirectory="bc2e7b13-6fec-4ddc-bbd0-d7a53d2839af" />
    <UnitTestResult executionId="377bf735-a8af-415a-9826-3f6f66d09e70" testId="1216c26a-6cdf-9797-0a0f-40147bfafa39" testName="EduTracker.Domain.Tests.UserSensitiveTests.Create_RejectsInvalidEmail(email: &quot;   &quot;)" computerName="KING_VINCENZO" duration="00:00:01.5604844" startTime="2026-09-20T12:34:35.6805245+01:00" endTime="2026-09-20T12:34:35.6805248+01:00" testType="13cdc9d9-ddb5-4fa4-a97d-d965ccfc6d4b" outcome="Passed" testListId="8c84fa94-04c1-424b-9868-57a2d4851a1d" relativeResultsDirectory="377bf735-a8af-415a-9826-3f6f66d09e70" />
    <UnitTestResult executionId="825debf7-ede1-4ebe-b1c7-4878bec81d96" testId="ba30d429-d0dc-7e6b-caec-b924046f1af6" testName="EduTracker.Domain.Tests.OrganizationTests.SetName_NewValidValue_Updates" computerName="KING_VINCENZO" duration="00:00:00.0002760" startTime="2026-09-20T12:34:35.8494219+01:00" endTime="2026-09-20T12:34:35.8494221+01:00" testType="13cdc9d9-ddb5-4fa4-a97d-d965ccfc6d4b" outcome="Passed" testListId="8c84fa94-04c1-424b-9868-57a2d4851a1d" relativeResultsDirectory="825debf7-ede1-4ebe-b1c7-4878bec81d96" />
    <UnitTestResult executionId="75394bea-5efe-47dc-8df6-3bbde7c1b683" testId="55b3b616-4428-042e-b66e-f01ebf5d57b6" testName="EduTracker.Domain.Tests.UserTests.SetPasswordHash_SameValue_IsNoOp" computerName="KING_VINCENZO" duration="00:00:00.0005390" startTime="2026-09-20T12:34:35.8413132+01:00" endTime="2026-09-20T12:34:35.8413134+01:00" testType="13cdc9d9-ddb5-4fa4-a97d-d965ccfc6d4b" outcome="Passed" testListId="8c84fa94-04c1-424b-9868-57a2d4851a1d" relativeResultsDirectory="75394bea-5efe-47dc-8df6-3bbde7c1b683" />
    <UnitTestResult executionId="b3a6281c-15b6-4e7f-9d45-f3b85b015435" testId="ebba5891-495e-3f32-1315-0911eb09d022" testName="EduTracker.Domain.Tests.OrganizationTests.Constructor_AcceptsBoundaryLengths" computerName="KING_VINCENZO" duration="00:00:00.0004314" startTime="2026-09-20T12:34:35.8483656+01:00" endTime="2026-09-20T12:34:35.8483660+01:00" testType="13cdc9d9-ddb5-4fa4-a97d-d965ccfc6d4b" outcome="Passed" testListId="8c84fa94-04c1-424b-9868-57a2d4851a1d" relativeResultsDirectory="b3a6281c-15b6-4e7f-9d45-f3b85b015435" />
    <UnitTestResult executionId="a814ff85-6cc6-444b-962a-3cbec9e2f122" testId="8e77ed86-2a8a-2e47-2f46-595f153e26cd" testName="EduTracker.Domain.Tests.OrganizationTests.TransferOwnership_SameOwner_IsNoOp" computerName="KING_VINCENZO" duration="00:00:00.0270338" startTime="2026-09-20T12:34:35.8445214+01:00" endTime="2026-09-20T12:34:35.8445216+01:00" testType="13cdc9d9-ddb5-4fa4-a97d-d965ccfc6d4b" outcome="Passed" testListId="8c84fa94-04c1-424b-9868-57a2d4851a1d" relativeResultsDirectory="a814ff85-6cc6-444b-962a-3cbec9e2f122" />
    <UnitTestResult executionId="cb7b1505-5ca8-4dc5-b0ac-159ecbee7b49" testId="b15b34f6-3da6-31e8-9152-706780b71065" testName="EduTracker.Domain.Tests.UserSessionTests.ShouldRefresh_OutOfRangeThreshold_Throws(threshold: -5)" computerName="KING_VINCENZO" duration="00:00:00.0005744" startTime="2026-09-20T12:34:35.5960229+01:00" endTime="2026-09-20T12:34:35.5960231+01:00" testType="13cdc9d9-ddb5-4fa4-a97d-d965ccfc6d4b" outcome="Passed" testListId="8c84fa94-04c1-424b-9868-57a2d4851a1d" relativeResultsDirectory="cb7b1505-5ca8-4dc5-b0ac-159ecbee7b49" />
    <UnitTestResult executionId="3637aa70-6538-414c-ab08-c7131892c230" testId="ba2818dc-a5c1-960e-638d-698911a59a50" testName="EduTracker.Domain.Tests.UserTests.UpdateRole_SameValue_IsNoOp" computerName="KING_VINCENZO" duration="00:00:00.0011009" startTime="2026-09-20T12:34:35.7908358+01:00" endTime="2026-09-20T12:34:35.7908362+01:00" testType="13cdc9d9-ddb5-4fa4-a97d-d965ccfc6d4b" outcome="Passed" testListId="8c84fa94-04c1-424b-9868-57a2d4851a1d" relativeResultsDirectory="3637aa70-6538-414c-ab08-c7131892c230" />
    <UnitTestResult executionId="8c3962be-cd27-4cdc-b548-cd8a3a62df20" testId="dd1a4786-d5fd-088f-7016-0ad1f8151bb9" testName="EduTracker.Domain.Tests.UserSensitiveTests.Create_RejectsInvalidEmail(email: null)" computerName="KING_VINCENZO" duration="00:00:00.0011413" startTime="2026-09-20T12:34:35.6813991+01:00" endTime="2026-09-20T12:34:35.6813993+01:00" testType="13cdc9d9-ddb5-4fa4-a97d-d965ccfc6d4b" outcome="Passed" testListId="8c84fa94-04c1-424b-9868-57a2d4851a1d" relativeResultsDirectory="8c3962be-cd27-4cdc-b548-cd8a3a62df20" />
    <UnitTestResult executionId="0ec1d03a-7a5d-42cb-a089-905d58b90910" testId="5b069a88-718a-63d6-d549-609b20d13ed7" testName="EduTracker.Domain.Tests.UserTests.SetUserName_SameValue_IsNoOp" computerName="KING_VINCENZO" duration="00:00:00.0009277" startTime="2026-09-20T12:34:35.8435951+01:00" endTime="2026-09-20T12:34:35.8435954+01:00" testType="13cdc9d9-ddb5-4fa4-a97d-d965ccfc6d4b" outcome="Passed" testListId="8c84fa94-04c1-424b-9868-57a2d4851a1d" relativeResultsDirectory="0ec1d03a-7a5d-42cb-a089-905d58b90910" />
    <UnitTestResult executionId="5801e906-1a0d-499b-8bd0-8c003442a531" testId="97d18918-7100-3966-8780-ade7fe8eb4f1" testName="EduTracker.Domain.Tests.OrganizationTests.Lock_Unlock_AreIdempotent" computerName="KING_VINCENZO" duration="00:00:00.0037165" startTime="2026-09-20T12:34:35.8250348+01:00" endTime="2026-09-20T12:34:35.8250351+01:00" testType="13cdc9d9-ddb5-4fa4-a97d-d965ccfc6d4b" outcome="Passed" testListId="8c84fa94-04c1-424b-9868-57a2d4851a1d" relativeResultsDirectory="5801e906-1a0d-499b-8bd0-8c003442a531" />
    <UnitTestResult executionId="3bcf4758-6ec5-44bc-a26f-2f9589edaa72" testId="e38bc340-15b1-e11a-7038-71101b7fbcc4" testName="EduTracker.Domain.Tests.OrganizationTests.Constructor_RejectsInvalidNames(name: &quot; Leading&quot;)" computerName="KING_VINCENZO" duration="00:00:00.0005469" startTime="2026-09-20T12:34:35.8079444+01:00" endTime="2026-09-20T12:34:35.8079447+01:00" testType="13cdc9d9-ddb5-4fa4-a97d-d965ccfc6d4b" outcome="Passed" testListId="8c84fa94-04c1-424b-9868-57a2d4851a1d" relativeResultsDirectory="3bcf4758-6ec5-44bc-a26f-2f9589edaa72" />
    <UnitTestResult executionId="53c91d1c-5896-4509-8cff-92aed58b698c" testId="292ad95f-3dff-b143-9785-71ba689f574e" testName="EduTracker.Domain.Tests.UserTests.Constructor_RejectsTooLongUserName" computerName="KING_VINCENZO" duration="00:00:00.0005897" startTime="2026-09-20T12:34:35.7761781+01:00" endTime="2026-09-20T12:34:35.7761783+01:00" testType="13cdc9d9-ddb5-4fa4-a97d-d965ccfc6d4b" outcome="Passed" testListId="8c84fa94-04c1-424b-9868-57a2d4851a1d" relativeResultsDirectory="53c91d1c-5896-4509-8cff-92aed58b698c" />
  </Results>
  <TestDefinitions>
    <UnitTest name="EduTracker.Domain.Tests.OrganizationTests.Constructor_RejectsInvalidNames(name: null)" storage="c:\users\chidu\onedrive\documents\github\edutracker\backend\edutracker.domain.tests\bin\release\net10.0\edutracker.domain.tests.dll" id="a57a7a31-9fc1-9a1e-f57f-94d3872e1d1b">
      <Execution id="97780595-2a8e-4db1-ae3d-1a5a1121296a" />
      <TestMethod codeBase="C:\Users\chidu\OneDrive\Documents\GitHub\edutracker\backend\EduTracker.Domain.Tests\bin\Release\net10.0\EduTracker.Domain.Tests.dll" adapterTypeName="executor://xunit/VsTestRunner2/netcoreapp" className="EduTracker.Domain.Tests.OrganizationTests" name="Constructor_RejectsInvalidNames" />
    </UnitTest>
    <UnitTest name="EduTracker.Domain.Tests.OrganizationTests.SetName_SameValue_IsNoOp" storage="c:\users\chidu\onedrive\documents\github\edutracker\backend\edutracker.domain.tests\bin\release\net10.0\edutracker.domain.tests.dll" id="bb282ee9-259f-d1bb-f3b2-d115730e29fd">
      <Execution id="e1f0ba3b-417c-4ad2-ab25-cc4f3e2b01dc" />
      <TestMethod codeBase="C:\Users\chidu\OneDrive\Documents\GitHub\edutracker\backend\EduTracker.Domain.Tests\bin\Release\net10.0\EduTracker.Domain.Tests.dll" adapterTypeName="executor://xunit/VsTestRunner2/netcoreapp" className="EduTracker.Domain.Tests.OrganizationTests" name="SetName_SameValue_IsNoOp" />
    </UnitTest>
    <UnitTest name="EduTracker.Domain.Tests.UserTests.Constructor_RejectsTooLongUserName" storage="c:\users\chidu\onedrive\documents\github\edutracker\backend\edutracker.domain.tests\bin\release\net10.0\edutracker.domain.tests.dll" id="292ad95f-3dff-b143-9785-71ba689f574e">
      <Execution id="53c91d1c-5896-4509-8cff-92aed58b698c" />
      <TestMethod codeBase="C:\Users\chidu\OneDrive\Documents\GitHub\edutracker\backend\EduTracker.Domain.Tests\bin\Release\net10.0\EduTracker.Domain.Tests.dll" adapterTypeName="executor://xunit/VsTestRunner2/netcoreapp" className="EduTracker.Domain.Tests.UserTests" name="Constructor_RejectsTooLongUserName" />
    </UnitTest>
    <UnitTest name="EduTracker.Domain.Tests.OrganizationTests.TransferOwnership_SameOwner_IsNoOp" storage="c:\users\chidu\onedrive\documents\github\edutracker\backend\edutracker.domain.tests\bin\release\net10.0\edutracker.domain.tests.dll" id="8e77ed86-2a8a-2e47-2f46-595f153e26cd">
      <Execution id="a814ff85-6cc6-444b-962a-3cbec9e2f122" />
      <TestMethod codeBase="C:\Users\chidu\OneDrive\Documents\GitHub\edutracker\backend\EduTracker.Domain.Tests\bin\Release\net10.0\EduTracker.Domain.Tests.dll" adapterTypeName="executor://xunit/VsTestRunner2/netcoreapp" className="EduTracker.Domain.Tests.OrganizationTests" name="TransferOwnership_SameOwner_IsNoOp" />
    </UnitTest>
    <UnitTest name="EduTracker.Domain.Tests.UserTests.Constructor_RejectsInvalidPasswordHash(passwordHash: &quot;&quot;)" storage="c:\users\chidu\onedrive\documents\github\edutracker\backend\edutracker.domain.tests\bin\release\net10.0\edutracker.domain.tests.dll" id="9351cf18-a89d-df4d-1656-ab4f363da10e">
      <Execution id="56042cef-fc47-4709-b9a7-f7d95e27dc25" />
      <TestMethod codeBase="C:\Users\chidu\OneDrive\Documents\GitHub\edutracker\backend\EduTracker.Domain.Tests\bin\Release\net10.0\EduTracker.Domain.Tests.dll" adapterTypeName="executor://xunit/VsTestRunner2/netcoreapp" className="EduTracker.Domain.Tests.UserTests" name="Constructor_RejectsInvalidPasswordHash" />
    </UnitTest>
    <UnitTest name="EduTracker.Domain.Tests.OrganizationMemberTests.UpdateStatus_SameValue_IsNoOp" storage="c:\users\chidu\onedrive\documents\github\edutracker\backend\edutracker.domain.tests\bin\release\net10.0\edutracker.domain.tests.dll" id="5edba8e4-ee3b-92af-7661-13f56ec84a71">
      <Execution id="bc2e7b13-6fec-4ddc-bbd0-d7a53d2839af" />
      <TestMethod codeBase="C:\Users\chidu\OneDrive\Documents\GitHub\edutracker\backend\EduTracker.Domain.Tests\bin\Release\net10.0\EduTracker.Domain.Tests.dll" adapterTypeName="executor://xunit/VsTestRunner2/netcoreapp" className="EduTracker.Domain.Tests.OrganizationMemberTests" name="UpdateStatus_SameValue_IsNoOp" />
    </UnitTest>
    <UnitTest name="EduTracker.Domain.Tests.OrganizationTests.Constructor_RejectsInvalidNames(name: &quot;&quot;)" storage="c:\users\chidu\onedrive\documents\github\edutracker\backend\edutracker.domain.tests\bin\release\net10.0\edutracker.domain.tests.dll" id="5abf9215-f18a-67b2-a2b3-3f069a731399">
      <Execution id="6e76a55a-038f-4a33-a51a-c4132b7012c6" />
      <TestMethod codeBase="C:\Users\chidu\OneDrive\Documents\GitHub\edutracker\backend\EduTracker.Domain.Tests\bin\Release\net10.0\EduTracker.Domain.Tests.dll" adapterTypeName="executor://xunit/VsTestRunner2/netcoreapp" className="EduTracker.Domain.Tests.OrganizationTests" name="Constructor_RejectsInvalidNames" />
    </UnitTest>
    <UnitTest name="EduTracker.Domain.Tests.UserTests.Constructor_RejectsInvalidUserNames(userName: &quot;  &quot;)" storage="c:\users\chidu\onedrive\documents\github\edutracker\backend\edutracker.domain.tests\bin\release\net10.0\edutracker.domain.tests.dll" id="b8a0634f-395b-65c1-fe00-a112583fa2f8">
      <Execution id="698ceffd-e5cd-438f-ad69-63b88ac9d47d" />
      <TestMethod codeBase="C:\Users\chidu\OneDrive\Documents\GitHub\edutracker\backend\EduTracker.Domain.Tests\bin\Release\net10.0\EduTracker.Domain.Tests.dll" adapterTypeName="executor://xunit/VsTestRunner2/netcoreapp" className="EduTracker.Domain.Tests.UserTests" name="Constructor_RejectsInvalidUserNames" />
    </UnitTest>
    <UnitTest name="EduTracker.Domain.Tests.SemesterTests.Constructor_TooFarInPast_Throws" storage="c:\users\chidu\onedrive\documents\github\edutracker\backend\edutracker.domain.tests\bin\release\net10.0\edutracker.domain.tests.dll" id="65cefc89-56fd-226b-ad43-331cdfe30efb">
      <Execution id="f80429b8-2dd1-4890-8f52-00a85f01fb96" />
      <TestMethod codeBase="C:\Users\chidu\OneDrive\Documents\GitHub\edutracker\backend\EduTracker.Domain.Tests\bin\Release\net10.0\EduTracker.Domain.Tests.dll" adapterTypeName="executor://xunit/VsTestRunner2/netcoreapp" className="EduTracker.Domain.Tests.SemesterTests" name="Constructor_TooFarInPast_Throws" />
    </UnitTest>
    <UnitTest name="EduTracker.Domain.Tests.UserSessionTests.Revoke_IsIdempotent" storage="c:\users\chidu\onedrive\documents\github\edutracker\backend\edutracker.domain.tests\bin\release\net10.0\edutracker.domain.tests.dll" id="783670f0-9c09-a934-5435-1943968b3411">
      <Execution id="feb8e08a-b81f-4448-8654-6fce24278d70" />
      <TestMethod codeBase="C:\Users\chidu\OneDrive\Documents\GitHub\edutracker\backend\EduTracker.Domain.Tests\bin\Release\net10.0\EduTracker.Domain.Tests.dll" adapterTypeName="executor://xunit/VsTestRunner2/netcoreapp" className="EduTracker.Domain.Tests.UserSessionTests" name="Revoke_IsIdempotent" />
    </UnitTest>
    <UnitTest name="EduTracker.Domain.Tests.SemesterTests.Constructor_BoundaryYears_AreAccepted" storage="c:\users\chidu\onedrive\documents\github\edutracker\backend\edutracker.domain.tests\bin\release\net10.0\edutracker.domain.tests.dll" id="0eab6b6c-a675-4d0f-db35-35fdc6682e68">
      <Execution id="9330b40e-e403-4ed3-aa10-1b28e054f566" />
      <TestMethod codeBase="C:\Users\chidu\OneDrive\Documents\GitHub\edutracker\backend\EduTracker.Domain.Tests\bin\Release\net10.0\EduTracker.Domain.Tests.dll" adapterTypeName="executor://xunit/VsTestRunner2/netcoreapp" className="EduTracker.Domain.Tests.SemesterTests" name="Constructor_BoundaryYears_AreAccepted" />
    </UnitTest>
    <UnitTest name="EduTracker.Domain.Tests.UserSessionTests.ShouldRefresh_RevokedSession_ReturnsFalse" storage="c:\users\chidu\onedrive\documents\github\edutracker\backend\edutracker.domain.tests\bin\release\net10.0\edutracker.domain.tests.dll" id="0d5f71f8-9f89-726e-844c-4b7c539e86b4">
      <Execution id="5bdbf261-4fe6-4be3-a8aa-4c3b3e25282a" />
      <TestMethod codeBase="C:\Users\chidu\OneDrive\Documents\GitHub\edutracker\backend\EduTracker.Domain.Tests\bin\Release\net10.0\EduTracker.Domain.Tests.dll" adapterTypeName="executor://xunit/VsTestRunner2/netcoreapp" className="EduTracker.Domain.Tests.UserSessionTests" name="ShouldRefresh_RevokedSession_ReturnsFalse" />
    </UnitTest>
    <UnitTest name="EduTracker.Domain.Tests.UserTests.Constructor_RejectsInvalidUserNames(userName: &quot;bad-name&quot;)" storage="c:\users\chidu\onedrive\documents\github\edutracker\backend\edutracker.domain.tests\bin\release\net10.0\edutracker.domain.tests.dll" id="400490f2-a39e-c58b-e361-40b399969ebb">
      <Execution id="7d625858-52d3-4512-b8f8-c2072288f649" />
      <TestMethod codeBase="C:\Users\chidu\OneDrive\Documents\GitHub\edutracker\backend\EduTracker.Domain.Tests\bin\Release\net10.0\EduTracker.Domain.Tests.dll" adapterTypeName="executor://xunit/VsTestRunner2/netcoreapp" className="EduTracker.Domain.Tests.UserTests" name="Constructor_RejectsInvalidUserNames" />
    </UnitTest>
    <UnitTest name="EduTracker.Domain.Tests.UserSensitiveTests.Create_OptionalMiddleName_MayBeNull" storage="c:\users\chidu\onedrive\documents\github\edutracker\backend\edutracker.domain.tests\bin\release\net10.0\edutracker.domain.tests.dll" id="c88443ee-c101-f3ce-4842-f8dd8dd4ff17">
      <Execution id="8718773e-2186-41f0-b528-72349906cfd0" />
      <TestMethod codeBase="C:\Users\chidu\OneDrive\Documents\GitHub\edutracker\backend\EduTracker.Domain.Tests\bin\Release\net10.0\EduTracker.Domain.Tests.dll" adapterTypeName="executor://xunit/VsTestRunner2/netcoreapp" className="EduTracker.Domain.Tests.UserSensitiveTests" name="Create_OptionalMiddleName_MayBeNull" />
    </UnitTest>
    <UnitTest name="EduTracker.Domain.Tests.OrganizationMemberTests.UpdateRole_UndefinedValue_Throws" storage="c:\users\chidu\onedrive\documents\github\edutracker\backend\edutracker.domain.tests\bin\release\net10.0\edutracker.domain.tests.dll" id="51684b89-572f-d256-93b1-ac873cad696f">
      <Execution id="7c296d7c-1984-4d9c-b1b7-c47fe5c6dc8d" />
      <TestMethod codeBase="C:\Users\chidu\OneDrive\Documents\GitHub\edutracker\backend\EduTracker.Domain.Tests\bin\Release\net10.0\EduTracker.Domain.Tests.dll" adapterTypeName="executor://xunit/VsTestRunner2/netcoreapp" className="EduTracker.Domain.Tests.OrganizationMemberTests" name="UpdateRole_UndefinedValue_Throws" />
    </UnitTest>
    <UnitTest name="EduTracker.Domain.Tests.OrganizationTests.Constructor_RejectsInvalidNames(name: &quot;   &quot;)" storage="c:\users\chidu\onedrive\documents\github\edutracker\backend\edutracker.domain.tests\bin\release\net10.0\edutracker.domain.tests.dll" id="7c0ccfd4-8781-21e0-ec01-384ec8abd5a2">
      <Execution id="863bf143-fe2d-4fc1-b97b-64bc6703b0f2" />
      <TestMethod codeBase="C:\Users\chidu\OneDrive\Documents\GitHub\edutracker\backend\EduTracker.Domain.Tests\bin\Release\net10.0\EduTracker.Domain.Tests.dll" adapterTypeName="executor://xunit/VsTestRunner2/netcoreapp" className="EduTracker.Domain.Tests.OrganizationTests" name="Constructor_RejectsInvalidNames" />
    </UnitTest>
    <UnitTest name="EduTracker.Domain.Tests.UserSensitiveTests.Create_RejectsInvalidEmail(email: &quot;not-an-email&quot;)" storage="c:\users\chidu\onedrive\documents\github\edutracker\backend\edutracker.domain.tests\bin\release\net10.0\edutracker.domain.tests.dll" id="6e333055-9d14-0a12-2a1c-77aee4589864">
      <Execution id="de674bc5-e236-408d-b3e5-98a4a1c6e45f" />
      <TestMethod codeBase="C:\Users\chidu\OneDrive\Documents\GitHub\edutracker\backend\EduTracker.Domain.Tests\bin\Release\net10.0\EduTracker.Domain.Tests.dll" adapterTypeName="executor://xunit/VsTestRunner2/netcoreapp" className="EduTracker.Domain.Tests.UserSensitiveTests" name="Create_RejectsInvalidEmail" />
    </UnitTest>
    <UnitTest name="EduTracker.Domain.Tests.OrganizationMemberTests.UpdateStatus_UndefinedValue_Throws" storage="c:\users\chidu\onedrive\documents\github\edutracker\backend\edutracker.domain.tests\bin\release\net10.0\edutracker.domain.tests.dll" id="907d1771-3cf9-90ca-5ebb-87c20bf1d71c">
      <Execution id="3ff5a856-ea9e-4ab5-ba99-59f2ed0a3ca3" />
      <TestMethod codeBase="C:\Users\chidu\OneDrive\Documents\GitHub\edutracker\backend\EduTracker.Domain.Tests\bin\Release\net10.0\EduTracker.Domain.Tests.dll" adapterTypeName="executor://xunit/VsTestRunner2/netcoreapp" className="EduTracker.Domain.Tests.OrganizationMemberTests" name="UpdateStatus_UndefinedValue_Throws" />
    </UnitTest>
    <UnitTest name="EduTracker.Domain.Tests.UserSessionTests.ShouldRefresh_OutOfRangeThreshold_Throws(threshold: 101)" storage="c:\users\chidu\onedrive\documents\github\edutracker\backend\edutracker.domain.tests\bin\release\net10.0\edutracker.domain.tests.dll" id="e1e00282-1286-1e3d-d2e7-052f6930255f">
      <Execution id="5b4eeae5-6934-4e9f-b92a-9d5b29042010" />
      <TestMethod codeBase="C:\Users\chidu\OneDrive\Documents\GitHub\edutracker\backend\EduTracker.Domain.Tests\bin\Release\net10.0\EduTracker.Domain.Tests.dll" adapterTypeName="executor://xunit/VsTestRunner2/netcoreapp" className="EduTracker.Domain.Tests.UserSessionTests" name="ShouldRefresh_OutOfRangeThreshold_Throws" />
    </UnitTest>
    <UnitTest name="EduTracker.Domain.Tests.UserTests.Constructor_RejectsInvalidUserNames(userName: &quot;&quot;)" storage="c:\users\chidu\onedrive\documents\github\edutracker\backend\edutracker.domain.tests\bin\release\net10.0\edutracker.domain.tests.dll" id="ef8b37e8-a66e-4682-7560-fa1414e4866e">
      <Execution id="8a071f18-507e-4dac-b7c6-580f2e920c9b" />
      <TestMethod codeBase="C:\Users\chidu\OneDrive\Documents\GitHub\edutracker\backend\EduTracker.Domain.Tests\bin\Release\net10.0\EduTracker.Domain.Tests.dll" adapterTypeName="executor://xunit/VsTestRunner2/netcoreapp" className="EduTracker.Domain.Tests.UserTests" name="Constructor_RejectsInvalidUserNames" />
    </UnitTest>
    <UnitTest name="EduTracker.Domain.Tests.UserSensitiveTests.Create_RejectsInvalidEmail(email: &quot;   &quot;)" storage="c:\users\chidu\onedrive\documents\github\edutracker\backend\edutracker.domain.tests\bin\release\net10.0\edutracker.domain.tests.dll" id="1216c26a-6cdf-9797-0a0f-40147bfafa39">
      <Execution id="377bf735-a8af-415a-9826-3f6f66d09e70" />
      <TestMethod codeBase="C:\Users\chidu\OneDrive\Documents\GitHub\edutracker\backend\EduTracker.Domain.Tests\bin\Release\net10.0\EduTracker.Domain.Tests.dll" adapterTypeName="executor://xunit/VsTestRunner2/netcoreapp" className="EduTracker.Domain.Tests.UserSensitiveTests" name="Create_RejectsInvalidEmail" />
    </UnitTest>
    <UnitTest name="EduTracker.Domain.Tests.UserTests.Constructor_RejectsInvalidPasswordHash(passwordHash: null)" storage="c:\users\chidu\onedrive\documents\github\edutracker\backend\edutracker.domain.tests\bin\release\net10.0\edutracker.domain.tests.dll" id="7a9af2aa-4232-6071-5fae-fcc706545077">
      <Execution id="0c43535f-7bac-43b0-8d10-faa2046f5469" />
      <TestMethod codeBase="C:\Users\chidu\OneDrive\Documents\GitHub\edutracker\backend\EduTracker.Domain.Tests\bin\Release\net10.0\EduTracker.Domain.Tests.dll" adapterTypeName="executor://xunit/VsTestRunner2/netcoreapp" className="EduTracker.Domain.Tests.UserTests" name="Constructor_RejectsInvalidPasswordHash" />
    </UnitTest>
    <UnitTest name="EduTracker.Domain.Tests.OrganizationMemberTests.AssignToDepartment_SetsBothIds" storage="c:\users\chidu\onedrive\documents\github\edutracker\backend\edutracker.domain.tests\bin\release\net10.0\edutracker.domain.tests.dll" id="e7283b1a-e2ba-cf58-f682-8b0c80a17236">
      <Execution id="28267c70-88e3-4c92-8af6-75a1ec8c65a9" />
      <TestMethod codeBase="C:\Users\chidu\OneDrive\Documents\GitHub\edutracker\backend\EduTracker.Domain.Tests\bin\Release\net10.0\EduTracker.Domain.Tests.dll" adapterTypeName="executor://xunit/VsTestRunner2/netcoreapp" className="EduTracker.Domain.Tests.OrganizationMemberTests" name="AssignToDepartment_SetsBothIds" />
    </UnitTest>
    <UnitTest name="EduTracker.Domain.Tests.UserTests.UpdateRole_UndefinedValue_Throws" storage="c:\users\chidu\onedrive\documents\github\edutracker\backend\edutracker.domain.tests\bin\release\net10.0\edutracker.domain.tests.dll" id="ceb12d8a-0b6e-0daa-573c-5f8961ec363b">
      <Execution id="bf5b1971-724f-4c25-965e-c8d3f6befecb" />
      <TestMethod codeBase="C:\Users\chidu\OneDrive\Documents\GitHub\edutracker\backend\EduTracker.Domain.Tests\bin\Release\net10.0\EduTracker.Domain.Tests.dll" adapterTypeName="executor://xunit/VsTestRunner2/netcoreapp" className="EduTracker.Domain.Tests.UserTests" name="UpdateRole_UndefinedValue_Throws" />
    </UnitTest>
    <UnitTest name="EduTracker.Domain.Tests.OrganizationTests.SetName_InvalidValue_ThrowsAndKeepsOldName" storage="c:\users\chidu\onedrive\documents\github\edutracker\backend\edutracker.domain.tests\bin\release\net10.0\edutracker.domain.tests.dll" id="a3ac32e4-eae1-a01b-3ce0-3ed59236457c">
      <Execution id="3529f82e-b502-45d5-9e5a-ffcae6081fc1" />
      <TestMethod codeBase="C:\Users\chidu\OneDrive\Documents\GitHub\edutracker\backend\EduTracker.Domain.Tests\bin\Release\net10.0\EduTracker.Domain.Tests.dll" adapterTypeName="executor://xunit/VsTestRunner2/netcoreapp" className="EduTracker.Domain.Tests.OrganizationTests" name="SetName_InvalidValue_ThrowsAndKeepsOldName" />
    </UnitTest>
    <UnitTest name="EduTracker.Domain.Tests.UserSensitiveTests.Create_RejectsInvalidFirstName(firstName: &quot;&quot;)" storage="c:\users\chidu\onedrive\documents\github\edutracker\backend\edutracker.domain.tests\bin\release\net10.0\edutracker.domain.tests.dll" id="f8c6cf0e-29bb-a7cf-8e11-982e2f3c0465">
      <Execution id="57ead0e0-30fc-4421-8dad-1a2eb4b452f9" />
      <TestMethod codeBase="C:\Users\chidu\OneDrive\Documents\GitHub\edutracker\backend\EduTracker.Domain.Tests\bin\Release\net10.0\EduTracker.Domain.Tests.dll" adapterTypeName="executor://xunit/VsTestRunner2/netcoreapp" className="EduTracker.Domain.Tests.UserSensitiveTests" name="Create_RejectsInvalidFirstName" />
    </UnitTest>
    <UnitTest name="EduTracker.Domain.Tests.OrganizationTests.Constructor_RejectsInvalidNames(name: &quot;Trailing &quot;)" storage="c:\users\chidu\onedrive\documents\github\edutracker\backend\edutracker.domain.tests\bin\release\net10.0\edutracker.domain.tests.dll" id="0cd6c87e-7509-9827-0e24-765cad2f9931">
      <Execution id="2a5e5475-48d6-4a88-974a-f99a33d1a26f" />
      <TestMethod codeBase="C:\Users\chidu\OneDrive\Documents\GitHub\edutracker\backend\EduTracker.Domain.Tests\bin\Release\net10.0\EduTracker.Domain.Tests.dll" adapterTypeName="executor://xunit/VsTestRunner2/netcoreapp" className="EduTracker.Domain.Tests.OrganizationTests" name="Constructor_RejectsInvalidNames" />
    </UnitTest>
    <UnitTest name="EduTracker.Domain.Tests.OrganizationTests.Constructor_RejectsInvalidNames(name: &quot;Bad!Name&quot;)" storage="c:\users\chidu\onedrive\documents\github\edutracker\backend\edutracker.domain.tests\bin\release\net10.0\edutracker.domain.tests.dll" id="307519a8-6882-17ac-f7fa-457eb86d622d">
      <Execution id="8411f834-b411-43c7-b570-a3868540a966" />
      <TestMethod codeBase="C:\Users\chidu\OneDrive\Documents\GitHub\edutracker\backend\EduTracker.Domain.Tests\bin\Release\net10.0\EduTracker.Domain.Tests.dll" adapterTypeName="executor://xunit/VsTestRunner2/netcoreapp" className="EduTracker.Domain.Tests.OrganizationTests" name="Constructor_RejectsInvalidNames" />
    </UnitTest>
    <UnitTest name="EduTracker.Domain.Tests.SemesterTests.Constructor_CurrentYear_SetsDerivedValues" storage="c:\users\chidu\onedrive\documents\github\edutracker\backend\edutracker.domain.tests\bin\release\net10.0\edutracker.domain.tests.dll" id="9e5c99be-78c8-ca6f-8d27-1b2cde0f55d8">
      <Execution id="2f0aa27b-1f05-4d23-a0a6-af732245f034" />
      <TestMethod codeBase="C:\Users\chidu\OneDrive\Documents\GitHub\edutracker\backend\EduTracker.Domain.Tests\bin\Release\net10.0\EduTracker.Domain.Tests.dll" adapterTypeName="executor://xunit/VsTestRunner2/netcoreapp" className="EduTracker.Domain.Tests.SemesterTests" name="Constructor_CurrentYear_SetsDerivedValues" />
    </UnitTest>
    <UnitTest name="EduTracker.Domain.Tests.UserTests.SetEncryptedData_NullOrEmpty_Throws" storage="c:\users\chidu\onedrive\documents\github\edutracker\backend\edutracker.domain.tests\bin\release\net10.0\edutracker.domain.tests.dll" id="e288cad1-ff99-21dd-7202-9de71c3aabbc">
      <Execution id="6e23941d-a347-41bc-972f-4493b27fb344" />
      <TestMethod codeBase="C:\Users\chidu\OneDrive\Documents\GitHub\edutracker\backend\EduTracker.Domain.Tests\bin\Release\net10.0\EduTracker.Domain.Tests.dll" adapterTypeName="executor://xunit/VsTestRunner2/netcoreapp" className="EduTracker.Domain.Tests.UserTests" name="SetEncryptedData_NullOrEmpty_Throws" />
    </UnitTest>
    <UnitTest name="EduTracker.Domain.Tests.UserSensitiveTests.Create_RejectsInvalidFirstName(firstName: &quot;Bad123&quot;)" storage="c:\users\chidu\onedrive\documents\github\edutracker\backend\edutracker.domain.tests\bin\release\net10.0\edutracker.domain.tests.dll" id="8af3ddd3-551f-ef2b-3bfc-b6c29e9c5033">
      <Execution id="dfe856c6-bfa2-4a20-a61f-449cedd5df3c" />
      <TestMethod codeBase="C:\Users\chidu\OneDrive\Documents\GitHub\edutracker\backend\EduTracker.Domain.Tests\bin\Release\net10.0\EduTracker.Domain.Tests.dll" adapterTypeName="executor://xunit/VsTestRunner2/netcoreapp" className="EduTracker.Domain.Tests.UserSensitiveTests" name="Create_RejectsInvalidFirstName" />
    </UnitTest>
    <UnitTest name="EduTracker.Domain.Tests.UserSessionTests.ExtendSession_RevokedSession_IsNoOp" storage="c:\users\chidu\onedrive\documents\github\edutracker\backend\edutracker.domain.tests\bin\release\net10.0\edutracker.domain.tests.dll" id="ec67df93-6768-b7e6-8a9a-f367b055c6a2">
      <Execution id="c1cd9f70-a5d1-494a-87de-6a537151faee" />
      <TestMethod codeBase="C:\Users\chidu\OneDrive\Documents\GitHub\edutracker\backend\EduTracker.Domain.Tests\bin\Release\net10.0\EduTracker.Domain.Tests.dll" adapterTypeName="executor://xunit/VsTestRunner2/netcoreapp" className="EduTracker.Domain.Tests.UserSessionTests" name="ExtendSession_RevokedSession_IsNoOp" />
    </UnitTest>
    <UnitTest name="EduTracker.Domain.Tests.UserTests.Constructor_RejectsInvalidUserNames(userName: &quot;bad name&quot;)" storage="c:\users\chidu\onedrive\documents\github\edutracker\backend\edutracker.domain.tests\bin\release\net10.0\edutracker.domain.tests.dll" id="e5f4b533-4739-761b-9135-a3462a6471cf">
      <Execution id="5945f45d-05ef-48ba-bbff-8fe6cb291408" />
      <TestMethod codeBase="C:\Users\chidu\OneDrive\Documents\GitHub\edutracker\backend\EduTracker.Domain.Tests\bin\Release\net10.0\EduTracker.Domain.Tests.dll" adapterTypeName="executor://xunit/VsTestRunner2/netcoreapp" className="EduTracker.Domain.Tests.UserTests" name="Constructor_RejectsInvalidUserNames" />
    </UnitTest>
    <UnitTest name="EduTracker.Domain.Tests.OrganizationTests.Constructor_RejectsInvalidNames(name: &quot;Double  space&quot;)" storage="c:\users\chidu\onedrive\documents\github\edutracker\backend\edutracker.domain.tests\bin\release\net10.0\edutracker.domain.tests.dll" id="00d81dce-d8a3-97d2-8f84-39090b59bc3e">
      <Execution id="ef2a2f5a-226d-4ba6-bb3e-15200c1deb5f" />
      <TestMethod codeBase="C:\Users\chidu\OneDrive\Documents\GitHub\edutracker\backend\EduTracker.Domain.Tests\bin\Release\net10.0\EduTracker.Domain.Tests.dll" adapterTypeName="executor://xunit/VsTestRunner2/netcoreapp" className="EduTracker.Domain.Tests.OrganizationTests" name="Constructor_RejectsInvalidNames" />
    </UnitTest>
    <UnitTest name="EduTracker.Domain.Tests.UserTests.Constructor_RejectsInvalidEmailHash(emailHash: null)" storage="c:\users\chidu\onedrive\documents\github\edutracker\backend\edutracker.domain.tests\bin\release\net10.0\edutracker.domain.tests.dll" id="c289c67e-fb66-e8ea-45f9-fef5ff024de3">
      <Execution id="9040ebcd-f59e-4a40-bc77-a8ad0fea4eea" />
      <TestMethod codeBase="C:\Users\chidu\OneDrive\Documents\GitHub\edutracker\backend\EduTracker.Domain.Tests\bin\Release\net10.0\EduTracker.Domain.Tests.dll" adapterTypeName="executor://xunit/VsTestRunner2/netcoreapp" className="EduTracker.Domain.Tests.UserTests" name="Constructor_RejectsInvalidEmailHash" />
    </UnitTest>
    <UnitTest name="EduTracker.Domain.Tests.UserSensitiveTests.Create_RejectsInvalidFirstName(firstName: &quot;   &quot;)" storage="c:\users\chidu\onedrive\documents\github\edutracker\backend\edutracker.domain.tests\bin\release\net10.0\edutracker.domain.tests.dll" id="3127ec38-9085-d13e-bde5-7d3a172468cc">
      <Execution id="4357331f-4cd1-4b82-b8fc-478bc76db93b" />
      <TestMethod codeBase="C:\Users\chidu\OneDrive\Documents\GitHub\edutracker\backend\EduTracker.Domain.Tests\bin\Release\net10.0\EduTracker.Domain.Tests.dll" adapterTypeName="executor://xunit/VsTestRunner2/netcoreapp" className="EduTracker.Domain.Tests.UserSensitiveTests" name="Create_RejectsInvalidFirstName" />
    </UnitTest>
    <UnitTest name="EduTracker.Domain.Tests.UserTests.UpdateRole_SameValue_IsNoOp" storage="c:\users\chidu\onedrive\documents\github\edutracker\backend\edutracker.domain.tests\bin\release\net10.0\edutracker.domain.tests.dll" id="ba2818dc-a5c1-960e-638d-698911a59a50">
      <Execution id="3637aa70-6538-414c-ab08-c7131892c230" />
      <TestMethod codeBase="C:\Users\chidu\OneDrive\Documents\GitHub\edutracker\backend\EduTracker.Domain.Tests\bin\Release\net10.0\EduTracker.Domain.Tests.dll" adapterTypeName="executor://xunit/VsTestRunner2/netcoreapp" className="EduTracker.Domain.Tests.UserTests" name="UpdateRole_SameValue_IsNoOp" />
    </UnitTest>
    <UnitTest name="EduTracker.Domain.Tests.UserSensitiveTests.UpdateName_ValidatesLikeCreate" storage="c:\users\chidu\onedrive\documents\github\edutracker\backend\edutracker.domain.tests\bin\release\net10.0\edutracker.domain.tests.dll" id="307ed9bd-e097-bb78-9405-d1638d028f11">
      <Execution id="00027393-147a-46cf-bcdb-5ec2d1683b37" />
      <TestMethod codeBase="C:\Users\chidu\OneDrive\Documents\GitHub\edutracker\backend\EduTracker.Domain.Tests\bin\Release\net10.0\EduTracker.Domain.Tests.dll" adapterTypeName="executor://xunit/VsTestRunner2/netcoreapp" className="EduTracker.Domain.Tests.UserSensitiveTests" name="UpdateName_ValidatesLikeCreate" />
    </UnitTest>
    <UnitTest name="EduTracker.Domain.Tests.UserSensitiveTests.Create_RejectsInvalidEmail(email: &quot;missing-at.example.com&quot;)" storage="c:\users\chidu\onedrive\documents\github\edutracker\backend\edutracker.domain.tests\bin\release\net10.0\edutracker.domain.tests.dll" id="1a5bf4c5-12fa-a8a8-1e7e-e8aa12a6f34b">
      <Execution id="0399d4ad-7236-4fb8-9657-6fae7884793d" />
      <TestMethod codeBase="C:\Users\chidu\OneDrive\Documents\GitHub\edutracker\backend\EduTracker.Domain.Tests\bin\Release\net10.0\EduTracker.Domain.Tests.dll" adapterTypeName="executor://xunit/VsTestRunner2/netcoreapp" className="EduTracker.Domain.Tests.UserSensitiveTests" name="Create_RejectsInvalidEmail" />
    </UnitTest>
    <UnitTest name="EduTracker.Domain.Tests.OrganizationTests.Constructor_AcceptsBoundaryLengths" storage="c:\users\chidu\onedrive\documents\github\edutracker\backend\edutracker.domain.tests\bin\release\net10.0\edutracker.domain.tests.dll" id="ebba5891-495e-3f32-1315-0911eb09d022">
      <Execution id="b3a6281c-15b6-4e7f-9d45-f3b85b015435" />
      <TestMethod codeBase="C:\Users\chidu\OneDrive\Documents\GitHub\edutracker\backend\EduTracker.Domain.Tests\bin\Release\net10.0\EduTracker.Domain.Tests.dll" adapterTypeName="executor://xunit/VsTestRunner2/netcoreapp" className="EduTracker.Domain.Tests.OrganizationTests" name="Constructor_AcceptsBoundaryLengths" />
    </UnitTest>
    <UnitTest name="EduTracker.Domain.Tests.UserTests.SetEmailHash_SameValue_IsNoOp" storage="c:\users\chidu\onedrive\documents\github\edutracker\backend\edutracker.domain.tests\bin\release\net10.0\edutracker.domain.tests.dll" id="6f951fca-4663-8a6f-8fa7-69f3d261ed65">
      <Execution id="a907d393-4dbe-40b1-a028-cdf9631d8aae" />
      <TestMethod codeBase="C:\Users\chidu\OneDrive\Documents\GitHub\edutracker\backend\EduTracker.Domain.Tests\bin\Release\net10.0\EduTracker.Domain.Tests.dll" adapterTypeName="executor://xunit/VsTestRunner2/netcoreapp" className="EduTracker.Domain.Tests.UserTests" name="SetEmailHash_SameValue_IsNoOp" />
    </UnitTest>
    <UnitTest name="EduTracker.Domain.Tests.UserTests.Constructor_RejectsInvalidUserNames(userName: &quot;ab&quot;)" storage="c:\users\chidu\onedrive\documents\github\edutracker\backend\edutracker.domain.tests\bin\release\net10.0\edutracker.domain.tests.dll" id="e6c7fc82-99e2-d22d-c84e-f5f6fd8f765f">
      <Execution id="48bf87dd-0325-4350-9a48-70c0bb934004" />
      <TestMethod codeBase="C:\Users\chidu\OneDrive\Documents\GitHub\edutracker\backend\EduTracker.Domain.Tests\bin\Release\net10.0\EduTracker.Domain.Tests.dll" adapterTypeName="executor://xunit/VsTestRunner2/netcoreapp" className="EduTracker.Domain.Tests.UserTests" name="Constructor_RejectsInvalidUserNames" />
    </UnitTest>
    <UnitTest name="EduTracker.Domain.Tests.UserSessionTests.Constructor_SetsExpirationsFromNow" storage="c:\users\chidu\onedrive\documents\github\edutracker\backend\edutracker.domain.tests\bin\release\net10.0\edutracker.domain.tests.dll" id="30d9f90f-b323-0566-6b2f-2cff74332e4d">
      <Execution id="9e1e1e67-f59c-4cb5-b5b7-fb00bb439196" />
      <TestMethod codeBase="C:\Users\chidu\OneDrive\Documents\GitHub\edutracker\backend\EduTracker.Domain.Tests\bin\Release\net10.0\EduTracker.Domain.Tests.dll" adapterTypeName="executor://xunit/VsTestRunner2/netcoreapp" className="EduTracker.Domain.Tests.UserSessionTests" name="Constructor_SetsExpirationsFromNow" />
    </UnitTest>
    <UnitTest name="EduTracker.Domain.Tests.OrganizationTests.SetName_NewValidValue_Updates" storage="c:\users\chidu\onedrive\documents\github\edutracker\backend\edutracker.domain.tests\bin\release\net10.0\edutracker.domain.tests.dll" id="ba30d429-d0dc-7e6b-caec-b924046f1af6">
      <Execution id="825debf7-ede1-4ebe-b1c7-4878bec81d96" />
      <TestMethod codeBase="C:\Users\chidu\OneDrive\Documents\GitHub\edutracker\backend\EduTracker.Domain.Tests\bin\Release\net10.0\EduTracker.Domain.Tests.dll" adapterTypeName="executor://xunit/VsTestRunner2/netcoreapp" className="EduTracker.Domain.Tests.OrganizationTests" name="SetName_NewValidValue_Updates" />
    </UnitTest>
    <UnitTest name="EduTracker.Domain.Tests.OrganizationTests.Constructor_RejectsInvalidNames(name: &quot;ab&quot;)" storage="c:\users\chidu\onedrive\documents\github\edutracker\backend\edutracker.domain.tests\bin\release\net10.0\edutracker.domain.tests.dll" id="6714c2c1-d6a4-26a3-e71e-ea380d3a424f">
      <Execution id="3d1c3348-72dd-4396-8984-3d778a454b2c" />
      <TestMethod codeBase="C:\Users\chidu\OneDrive\Documents\GitHub\edutracker\backend\EduTracker.Domain.Tests\bin\Release\net10.0\EduTracker.Domain.Tests.dll" adapterTypeName="executor://xunit/VsTestRunner2/netcoreapp" className="EduTracker.Domain.Tests.OrganizationTests" name="Constructor_RejectsInvalidNames" />
    </UnitTest>
    <UnitTest name="EduTracker.Domain.Tests.UserTests.SetPasswordHash_SameValue_IsNoOp" storage="c:\users\chidu\onedrive\documents\github\edutracker\backend\edutracker.domain.tests\bin\release\net10.0\edutracker.domain.tests.dll" id="55b3b616-4428-042e-b66e-f01ebf5d57b6">
      <Execution id="75394bea-5efe-47dc-8df6-3bbde7c1b683" />
      <TestMethod codeBase="C:\Users\chidu\OneDrive\Documents\GitHub\edutracker\backend\EduTracker.Domain.Tests\bin\Release\net10.0\EduTracker.Domain.Tests.dll" adapterTypeName="executor://xunit/VsTestRunner2/netcoreapp" className="EduTracker.Domain.Tests.UserTests" name="SetPasswordHash_SameValue_IsNoOp" />
    </UnitTest>
    <UnitTest name="EduTracker.Domain.Tests.UserSessionTests.Constructor_AbsoluteShorterThanSliding_Throws" storage="c:\users\chidu\onedrive\documents\github\edutracker\backend\edutracker.domain.tests\bin\release\net10.0\edutracker.domain.tests.dll" id="7ecacd26-c898-788d-de70-3ca7685479ad">
      <Execution id="c9ec13fc-1a39-401d-b175-2f4f72c88363" />
      <TestMethod codeBase="C:\Users\chidu\OneDrive\Documents\GitHub\edutracker\backend\EduTracker.Domain.Tests\bin\Release\net10.0\EduTracker.Domain.Tests.dll" adapterTypeName="executor://xunit/VsTestRunner2/netcoreapp" className="EduTracker.Domain.Tests.UserSessionTests" name="Constructor_AbsoluteShorterThanSliding_Throws" />
    </UnitTest>
    <UnitTest name="EduTracker.Domain.Tests.UserTests.SetUserName_SameValue_IsNoOp" storage="c:\users\chidu\onedrive\documents\github\edutracker\backend\edutracker.domain.tests\bin\release\net10.0\edutracker.domain.tests.dll" id="5b069a88-718a-63d6-d549-609b20d13ed7">
      <Execution id="0ec1d03a-7a5d-42cb-a089-905d58b90910" />
      <TestMethod codeBase="C:\Users\chidu\OneDrive\Documents\GitHub\edutracker\backend\EduTracker.Domain.Tests\bin\Release\net10.0\EduTracker.Domain.Tests.dll" adapterTypeName="executor://xunit/VsTestRunner2/netcoreapp" className="EduTracker.Domain.Tests.UserTests" name="SetUserName_SameValue_IsNoOp" />
    </UnitTest>
    <UnitTest name="EduTracker.Domain.Tests.UserSensitiveTests.Create_RejectsInvalidFirstName(firstName: null)" storage="c:\users\chidu\onedrive\documents\github\edutracker\backend\edutracker.domain.tests\bin\release\net10.0\edutracker.domain.tests.dll" id="792287a0-6bda-908f-3360-4802ad5a27b2">
      <Execution id="cc7b6383-5ec6-4291-9b46-1adf74665b13" />
      <TestMethod codeBase="C:\Users\chidu\OneDrive\Documents\GitHub\edutracker\backend\EduTracker.Domain.Tests\bin\Release\net10.0\EduTracker.Domain.Tests.dll" adapterTypeName="executor://xunit/VsTestRunner2/netcoreapp" className="EduTracker.Domain.Tests.UserSensitiveTests" name="Create_RejectsInvalidFirstName" />
    </UnitTest>
    <UnitTest name="EduTracker.Domain.Tests.UserSessionTests.ShouldRefresh_OutOfRangeThreshold_Throws(threshold: -5)" storage="c:\users\chidu\onedrive\documents\github\edutracker\backend\edutracker.domain.tests\bin\release\net10.0\edutracker.domain.tests.dll" id="b15b34f6-3da6-31e8-9152-706780b71065">
      <Execution id="cb7b1505-5ca8-4dc5-b0ac-159ecbee7b49" />
      <TestMethod codeBase="C:\Users\chidu\OneDrive\Documents\GitHub\edutracker\backend\EduTracker.Domain.Tests\bin\Release\net10.0\EduTracker.Domain.Tests.dll" adapterTypeName="executor://xunit/VsTestRunner2/netcoreapp" className="EduTracker.Domain.Tests.UserSessionTests" name="ShouldRefresh_OutOfRangeThreshold_Throws" />
    </UnitTest>
    <UnitTest name="EduTracker.Domain.Tests.UserTests.Lock_Unlock_AreIdempotent" storage="c:\users\chidu\onedrive\documents\github\edutracker\backend\edutracker.domain.tests\bin\release\net10.0\edutracker.domain.tests.dll" id="4ef4f0ce-8adc-274b-5b15-4c7e87514c6b">
      <Execution id="f9829d96-ce20-4eb2-bf18-eec03a5a2592" />
      <TestMethod codeBase="C:\Users\chidu\OneDrive\Documents\GitHub\edutracker\backend\EduTracker.Domain.Tests\bin\Release\net10.0\EduTracker.Domain.Tests.dll" adapterTypeName="executor://xunit/VsTestRunner2/netcoreapp" className="EduTracker.Domain.Tests.UserTests" name="Lock_Unlock_AreIdempotent" />
    </UnitTest>
    <UnitTest name="EduTracker.Domain.Tests.UserSensitiveTests.Create_InvalidMiddleName_Throws" storage="c:\users\chidu\onedrive\documents\github\edutracker\backend\edutracker.domain.tests\bin\release\net10.0\edutracker.domain.tests.dll" id="b4191824-24f1-1537-064c-3b4bd7395847">
      <Execution id="9cdced48-36e2-4a0c-b60b-b187379464c8" />
      <TestMethod codeBase="C:\Users\chidu\OneDrive\Documents\GitHub\edutracker\backend\EduTracker.Domain.Tests\bin\Release\net10.0\EduTracker.Domain.Tests.dll" adapterTypeName="executor://xunit/VsTestRunner2/netcoreapp" className="EduTracker.Domain.Tests.UserSensitiveTests" name="Create_InvalidMiddleName_Throws" />
    </UnitTest>
    <UnitTest name="EduTracker.Domain.Tests.UserTests.Constructor_RejectsInvalidEmailHash(emailHash: &quot;short&quot;)" storage="c:\users\chidu\onedrive\documents\github\edutracker\backend\edutracker.domain.tests\bin\release\net10.0\edutracker.domain.tests.dll" id="71b41748-4b8c-2835-9139-9f23c46b8bdd">
      <Execution id="3c0189e6-10ef-49d8-b170-03171b988bda" />
      <TestMethod codeBase="C:\Users\chidu\OneDrive\Documents\GitHub\edutracker\backend\EduTracker.Domain.Tests\bin\Release\net10.0\EduTracker.Domain.Tests.dll" adapterTypeName="executor://xunit/VsTestRunner2/netcoreapp" className="EduTracker.Domain.Tests.UserTests" name="Constructor_RejectsInvalidEmailHash" />
    </UnitTest>
    <UnitTest name="EduTracker.Domain.Tests.UserTests.Constructor_RejectsInvalidEmailHash(emailHash: &quot;aaaaaaaaaaaaaaaaaaaaaaaaaaaaaaaaaaaaaaaaaaaaaaaaaa&quot;···)" storage="c:\users\chidu\onedrive\documents\github\edutracker\backend\edutracker.domain.tests\bin\release\net10.0\edutracker.domain.tests.dll" id="fa16067b-3e56-fb3a-6ff4-7e4abff47f7b">
      <Execution id="4c760fb4-6520-4ed0-a1b5-b8c1a18d1b21" />
      <TestMethod codeBase="C:\Users\chidu\OneDrive\Documents\GitHub\edutracker\backend\EduTracker.Domain.Tests\bin\Release\net10.0\EduTracker.Domain.Tests.dll" adapterTypeName="executor://xunit/VsTestRunner2/netcoreapp" className="EduTracker.Domain.Tests.UserTests" name="Constructor_RejectsInvalidEmailHash" />
    </UnitTest>
    <UnitTest name="EduTracker.Domain.Tests.UserTests.Constructor_RejectsInvalidUserNames(userName: null)" storage="c:\users\chidu\onedrive\documents\github\edutracker\backend\edutracker.domain.tests\bin\release\net10.0\edutracker.domain.tests.dll" id="0119f3a7-9be5-30e3-6ac1-f89e1e701fc2">
      <Execution id="fe857fee-d5cc-4310-8204-51ceef9e5578" />
      <TestMethod codeBase="C:\Users\chidu\OneDrive\Documents\GitHub\edutracker\backend\EduTracker.Domain.Tests\bin\Release\net10.0\EduTracker.Domain.Tests.dll" adapterTypeName="executor://xunit/VsTestRunner2/netcoreapp" className="EduTracker.Domain.Tests.UserTests" name="Constructor_RejectsInvalidUserNames" />
    </UnitTest>
    <UnitTest name="EduTracker.Domain.Tests.OrganizationTests.Constructor_RejectsTooLongName" storage="c:\users\chidu\onedrive\documents\github\edutracker\backend\edutracker.domain.tests\bin\release\net10.0\edutracker.domain.tests.dll" id="ff4f814f-6638-fc5b-1d66-ef13430233b2">
      <Execution id="7f5f78c4-cd55-4470-8fec-ad82b536475e" />
      <TestMethod codeBase="C:\Users\chidu\OneDrive\Documents\GitHub\edutracker\backend\EduTracker.Domain.Tests\bin\Release\net10.0\EduTracker.Domain.Tests.dll" adapterTypeName="executor://xunit/VsTestRunner2/netcoreapp" className="EduTracker.Domain.Tests.OrganizationTests" name="Constructor_RejectsTooLongName" />
    </UnitTest>
    <UnitTest name="EduTracker.Domain.Tests.SemesterTests.Constructor_TooFarInFuture_Throws" storage="c:\users\chidu\onedrive\documents\github\edutracker\backend\edutracker.domain.tests\bin\release\net10.0\edutracker.domain.tests.dll" id="159359c9-7aa8-518b-fc2c-4100a23ddb48">
      <Execution id="fcc518e8-2754-405e-acfd-8fcb3ac7939a" />
      <TestMethod codeBase="C:\Users\chidu\OneDrive\Documents\GitHub\edutracker\backend\EduTracker.Domain.Tests\bin\Release\net10.0\EduTracker.Domain.Tests.dll" adapterTypeName="executor://xunit/VsTestRunner2/netcoreapp" className="EduTracker.Domain.Tests.SemesterTests" name="Constructor_TooFarInFuture_Throws" />
    </UnitTest>
    <UnitTest name="EduTracker.Domain.Tests.OrganizationMemberTests.UpdateRole_NewValue_Updates" storage="c:\users\chidu\onedrive\documents\github\edutracker\backend\edutracker.domain.tests\bin\release\net10.0\edutracker.domain.tests.dll" id="ed2caceb-8ef7-ba2f-c7df-09f08db4f48f">
      <Execution id="c5d654e5-918d-4f08-afe2-6d8567599828" />
      <TestMethod codeBase="C:\Users\chidu\OneDrive\Documents\GitHub\edutracker\backend\EduTracker.Domain.Tests\bin\Release\net10.0\EduTracker.Domain.Tests.dll" adapterTypeName="executor://xunit/VsTestRunner2/netcoreapp" className="EduTracker.Domain.Tests.OrganizationMemberTests" name="UpdateRole_NewValue_Updates" />
    </UnitTest>
    <UnitTest name="EduTracker.Domain.Tests.OrganizationTests.Lock_Unlock_AreIdempotent" storage="c:\users\chidu\onedrive\documents\github\edutracker\backend\edutracker.domain.tests\bin\release\net10.0\edutracker.domain.tests.dll" id="97d18918-7100-3966-8780-ade7fe8eb4f1">
      <Execution id="5801e906-1a0d-499b-8bd0-8c003442a531" />
      <TestMethod codeBase="C:\Users\chidu\OneDrive\Documents\GitHub\edutracker\backend\EduTracker.Domain.Tests\bin\Release\net10.0\EduTracker.Domain.Tests.dll" adapterTypeName="executor://xunit/VsTestRunner2/netcoreapp" className="EduTracker.Domain.Tests.OrganizationTests" name="Lock_Unlock_AreIdempotent" />
    </UnitTest>
    <UnitTest name="EduTracker.Domain.Tests.UserSensitiveTests.Create_TrimsAndLowercasesEmail" storage="c:\users\chidu\onedrive\documents\github\edutracker\backend\edutracker.domain.tests\bin\release\net10.0\edutracker.domain.tests.dll" id="ae442de7-9ffe-d63d-fc41-ca2e7dea0e5b">
      <Execution id="b284a7d6-deeb-47ac-96fd-08a240e1aa6c" />
      <TestMethod codeBase="C:\Users\chidu\OneDrive\Documents\GitHub\edutracker\backend\EduTracker.Domain.Tests\bin\Release\net10.0\EduTracker.Domain.Tests.dll" adapterTypeName="executor://xunit/VsTestRunner2/netcoreapp" className="EduTracker.Domain.Tests.UserSensitiveTests" name="Create_TrimsAndLowercasesEmail" />
    </UnitTest>
    <UnitTest name="EduTracker.Domain.Tests.UserSensitiveTests.Create_RejectsInvalidEmail(email: null)" storage="c:\users\chidu\onedrive\documents\github\edutracker\backend\edutracker.domain.tests\bin\release\net10.0\edutracker.domain.tests.dll" id="dd1a4786-d5fd-088f-7016-0ad1f8151bb9">
      <Execution id="8c3962be-cd27-4cdc-b548-cd8a3a62df20" />
      <TestMethod codeBase="C:\Users\chidu\OneDrive\Documents\GitHub\edutracker\backend\EduTracker.Domain.Tests\bin\Release\net10.0\EduTracker.Domain.Tests.dll" adapterTypeName="executor://xunit/VsTestRunner2/netcoreapp" className="EduTracker.Domain.Tests.UserSensitiveTests" name="Create_RejectsInvalidEmail" />
    </UnitTest>
    <UnitTest name="EduTracker.Domain.Tests.UserTests.Constructor_RejectsInvalidEmailHash(emailHash: &quot;&quot;)" storage="c:\users\chidu\onedrive\documents\github\edutracker\backend\edutracker.domain.tests\bin\release\net10.0\edutracker.domain.tests.dll" id="139205d2-80eb-a4b7-8709-194d3100bb36">
      <Execution id="0f1d58cb-6c95-49e6-a34c-15e78c27a13e" />
      <TestMethod codeBase="C:\Users\chidu\OneDrive\Documents\GitHub\edutracker\backend\EduTracker.Domain.Tests\bin\Release\net10.0\EduTracker.Domain.Tests.dll" adapterTypeName="executor://xunit/VsTestRunner2/netcoreapp" className="EduTracker.Domain.Tests.UserTests" name="Constructor_RejectsInvalidEmailHash" />
    </UnitTest>
    <UnitTest name="EduTracker.Domain.Tests.UserSensitiveTests.Create_RejectsInvalidEmail(email: &quot;&quot;)" storage="c:\users\chidu\onedrive\documents\github\edutracker\backend\edutracker.domain.tests\bin\release\net10.0\edutracker.domain.tests.dll" id="15332689-fc2a-8bb7-0815-5e5fbbc060d5">
      <Execution id="3b8e62eb-f64d-4dcc-a7ee-1f17e15d3546" />
      <TestMethod codeBase="C:\Users\chidu\OneDrive\Documents\GitHub\edutracker\backend\EduTracker.Domain.Tests\bin\Release\net10.0\EduTracker.Domain.Tests.dll" adapterTypeName="executor://xunit/VsTestRunner2/netcoreapp" className="EduTracker.Domain.Tests.UserSensitiveTests" name="Create_RejectsInvalidEmail" />
    </UnitTest>
    <UnitTest name="EduTracker.Domain.Tests.UserSessionTests.ShouldRefresh_OutOfRangeThreshold_Throws(threshold: 0)" storage="c:\users\chidu\onedrive\documents\github\edutracker\backend\edutracker.domain.tests\bin\release\net10.0\edutracker.domain.tests.dll" id="bab32ad8-2226-849b-06b6-834a0a77e787">
      <Execution id="850c7f09-a4b2-4d1e-9f9c-2e02d459d174" />
      <TestMethod codeBase="C:\Users\chidu\OneDrive\Documents\GitHub\edutracker\backend\EduTracker.Domain.Tests\bin\Release\net10.0\EduTracker.Domain.Tests.dll" adapterTypeName="executor://xunit/VsTestRunner2/netcoreapp" className="EduTracker.Domain.Tests.UserSessionTests" name="ShouldRefresh_OutOfRangeThreshold_Throws" />
    </UnitTest>
    <UnitTest name="EduTracker.Domain.Tests.OrganizationMemberTests.Constructor_DefaultsToMemberAndActive" storage="c:\users\chidu\onedrive\documents\github\edutracker\backend\edutracker.domain.tests\bin\release\net10.0\edutracker.domain.tests.dll" id="092c10c4-5804-84db-fec2-c52c1278e557">
      <Execution id="8460d31d-1970-4c93-a9a6-2a501acc483d" />
      <TestMethod codeBase="C:\Users\chidu\OneDrive\Documents\GitHub\edutracker\backend\EduTracker.Domain.Tests\bin\Release\net10.0\EduTracker.Domain.Tests.dll" adapterTypeName="executor://xunit/VsTestRunner2/netcoreapp" className="EduTracker.Domain.Tests.OrganizationMemberTests" name="Constructor_DefaultsToMemberAndActive" />
    </UnitTest>
    <UnitTest name="EduTracker.Domain.Tests.OrganizationTests.Constructor_RejectsInvalidNames(name: &quot; Leading&quot;)" storage="c:\users\chidu\onedrive\documents\github\edutracker\backend\edutracker.domain.tests\bin\release\net10.0\edutracker.domain.tests.dll" id="e38bc340-15b1-e11a-7038-71101b7fbcc4">
      <Execution id="3bcf4758-6ec5-44bc-a26f-2f9589edaa72" />
      <TestMethod codeBase="C:\Users\chidu\OneDrive\Documents\GitHub\edutracker\backend\EduTracker.Domain.Tests\bin\Release\net10.0\EduTracker.Domain.Tests.dll" adapterTypeName="executor://xunit/VsTestRunner2/netcoreapp" className="EduTracker.Domain.Tests.OrganizationTests" name="Constructor_RejectsInvalidNames" />
    </UnitTest>
    <UnitTest name="EduTracker.Domain.Tests.UserSessionTests.Constructor_NonPositiveSlidingLifetime_Throws" storage="c:\users\chidu\onedrive\documents\github\edutracker\backend\edutracker.domain.tests\bin\release\net10.0\edutracker.domain.tests.dll" id="c524b99c-56a6-8c16-1bdb-55ace1f07dcc">
      <Execution id="fc8de990-a06d-41ec-a133-208c164fcdde" />
      <TestMethod codeBase="C:\Users\chidu\OneDrive\Documents\GitHub\edutracker\backend\EduTracker.Domain.Tests\bin\Release\net10.0\EduTracker.Domain.Tests.dll" adapterTypeName="executor://xunit/VsTestRunner2/netcoreapp" className="EduTracker.Domain.Tests.UserSessionTests" name="Constructor_NonPositiveSlidingLifetime_Throws" />
    </UnitTest>
    <UnitTest name="EduTracker.Domain.Tests.OrganizationMemberTests.UpdateRole_SameValue_IsNoOp" storage="c:\users\chidu\onedrive\documents\github\edutracker\backend\edutracker.domain.tests\bin\release\net10.0\edutracker.domain.tests.dll" id="5f475eae-bd87-0d44-5a91-79f56fad584c">
      <Execution id="9d73fc8b-a523-47cf-97a6-227c192695eb" />
      <TestMethod codeBase="C:\Users\chidu\OneDrive\Documents\GitHub\edutracker\backend\EduTracker.Domain.Tests\bin\Release\net10.0\EduTracker.Domain.Tests.dll" adapterTypeName="executor://xunit/VsTestRunner2/netcoreapp" className="EduTracker.Domain.Tests.OrganizationMemberTests" name="UpdateRole_SameValue_IsNoOp" />
    </UnitTest>
    <UnitTest name="EduTracker.Domain.Tests.UserTests.Constructor_RejectsInvalidPasswordHash(passwordHash: &quot;short&quot;)" storage="c:\users\chidu\onedrive\documents\github\edutracker\backend\edutracker.domain.tests\bin\release\net10.0\edutracker.domain.tests.dll" id="c80c0f0b-ebfc-59eb-fd7d-ec56b5e759f0">
      <Execution id="f00b8af8-7a1c-451d-b723-678d2f5bb64c" />
      <TestMethod codeBase="C:\Users\chidu\OneDrive\Documents\GitHub\edutracker\backend\EduTracker.Domain.Tests\bin\Release\net10.0\EduTracker.Domain.Tests.dll" adapterTypeName="executor://xunit/VsTestRunner2/netcoreapp" className="EduTracker.Domain.Tests.UserTests" name="Constructor_RejectsInvalidPasswordHash" />
    </UnitTest>
  </TestDefinitions>
  <TestEntries>
    <TestEntry testId="f8c6cf0e-29bb-a7cf-8e11-982e2f3c0465" executionId="57ead0e0-30fc-4421-8dad-1a2eb4b452f9" testListId="8c84fa94-04c1-424b-9868-57a2d4851a1d" />
    <TestEntry testId="71b41748-4b8c-2835-9139-9f23c46b8bdd" executionId="3c0189e6-10ef-49d8-b170-03171b988bda" testListId="8c84fa94-04c1-424b-9868-57a2d4851a1d" />
    <TestEntry testId="b8a0634f-395b-65c1-fe00-a112583fa2f8" executionId="698ceffd-e5cd-438f-ad69-63b88ac9d47d" testListId="8c84fa94-04c1-424b-9868-57a2d4851a1d" />
    <TestEntry testId="a3ac32e4-eae1-a01b-3ce0-3ed59236457c" executionId="3529f82e-b502-45d5-9e5a-ffcae6081fc1" testListId="8c84fa94-04c1-424b-9868-57a2d4851a1d" />
    <TestEntry testId="65cefc89-56fd-226b-ad43-331cdfe30efb" executionId="f80429b8-2dd1-4890-8f52-00a85f01fb96" testListId="8c84fa94-04c1-424b-9868-57a2d4851a1d" />
    <TestEntry testId="3127ec38-9085-d13e-bde5-7d3a172468cc" executionId="4357331f-4cd1-4b82-b8fc-478bc76db93b" testListId="8c84fa94-04c1-424b-9868-57a2d4851a1d" />
    <TestEntry testId="400490f2-a39e-c58b-e361-40b399969ebb" executionId="7d625858-52d3-4512-b8f8-c2072288f649" testListId="8c84fa94-04c1-424b-9868-57a2d4851a1d" />
    <TestEntry testId="30d9f90f-b323-0566-6b2f-2cff74332e4d" executionId="9e1e1e67-f59c-4cb5-b5b7-fb00bb439196" testListId="8c84fa94-04c1-424b-9868-57a2d4851a1d" />
    <TestEntry testId="fa16067b-3e56-fb3a-6ff4-7e4abff47f7b" executionId="4c760fb4-6520-4ed0-a1b5-b8c1a18d1b21" testListId="8c84fa94-04c1-424b-9868-57a2d4851a1d" />
    <TestEntry testId="307ed9bd-e097-bb78-9405-d1638d028f11" executionId="00027393-147a-46cf-bcdb-5ec2d1683b37" testListId="8c84fa94-04c1-424b-9868-57a2d4851a1d" />
    <TestEntry testId="9351cf18-a89d-df4d-1656-ab4f363da10e" executionId="56042cef-fc47-4709-b9a7-f7d95e27dc25" testListId="8c84fa94-04c1-424b-9868-57a2d4851a1d" />
    <TestEntry testId="ed2caceb-8ef7-ba2f-c7df-09f08db4f48f" executionId="c5d654e5-918d-4f08-afe2-6d8567599828" testListId="8c84fa94-04c1-424b-9868-57a2d4851a1d" />
    <TestEntry testId="092c10c4-5804-84db-fec2-c52c1278e557" executionId="8460d31d-1970-4c93-a9a6-2a501acc483d" testListId="8c84fa94-04c1-424b-9868-57a2d4851a1d" />
    <TestEntry testId="c289c67e-fb66-e8ea-45f9-fef5ff024de3" executionId="9040ebcd-f59e-4a40-bc77-a8ad0fea4eea" testListId="8c84fa94-04c1-424b-9868-57a2d4851a1d" />
    <TestEntry testId="6f951fca-4663-8a6f-8fa7-69f3d261ed65" executionId="a907d393-4dbe-40b1-a028-cdf9631d8aae" testListId="8c84fa94-04c1-424b-9868-57a2d4851a1d" />
    <TestEntry testId="7ecacd26-c898-788d-de70-3ca7685479ad" executionId="c9ec13fc-1a39-401d-b175-2f4f72c88363" testListId="8c84fa94-04c1-424b-9868-57a2d4851a1d" />
    <TestEntry testId="9e5c99be-78c8-ca6f-8d27-1b2cde0f55d8" executionId="2f0aa27b-1f05-4d23-a0a6-af732245f034" testListId="8c84fa94-04c1-424b-9868-57a2d4851a1d" />
    <TestEntry testId="51684b89-572f-d256-93b1-ac873cad696f" executionId="7c296d7c-1984-4d9c-b1b7-c47fe5c6dc8d" testListId="8c84fa94-04c1-424b-9868-57a2d4851a1d" />
    <TestEntry testId="e7283b1a-e2ba-cf58-f682-8b0c80a17236" executionId="28267c70-88e3-4c92-8af6-75a1ec8c65a9" testListId="8c84fa94-04c1-424b-9868-57a2d4851a1d" />
    <TestEntry testId="ff4f814f-6638-fc5b-1d66-ef13430233b2" executionId="7f5f78c4-cd55-4470-8fec-ad82b536475e" testListId="8c84fa94-04c1-424b-9868-57a2d4851a1d" />
    <TestEntry testId="0d5f71f8-9f89-726e-844c-4b7c539e86b4" executionId="5bdbf261-4fe6-4be3-a8aa-4c3b3e25282a" testListId="8c84fa94-04c1-424b-9868-57a2d4851a1d" />
    <TestEntry testId="bab32ad8-2226-849b-06b6-834a0a77e787" executionId="850c7f09-a4b2-4d1e-9f9c-2e02d459d174" testListId="8c84fa94-04c1-424b-9868-57a2d4851a1d" />
    <TestEntry testId="15332689-fc2a-8bb7-0815-5e5fbbc060d5" executionId="3b8e62eb-f64d-4dcc-a7ee-1f17e15d3546" testListId="8c84fa94-04c1-424b-9868-57a2d4851a1d" />
    <TestEntry testId="792287a0-6bda-908f-3360-4802ad5a27b2" executionId="cc7b6383-5ec6-4291-9b46-1adf74665b13" testListId="8c84fa94-04c1-424b-9868-57a2d4851a1d" />
    <TestEntry testId="e6c7fc82-99e2-d22d-c84e-f5f6fd8f765f" executionId="48bf87dd-0325-4350-9a48-70c0bb934004" testListId="8c84fa94-04c1-424b-9868-57a2d4851a1d" />
    <TestEntry testId="7c0ccfd4-8781-21e0-ec01-384ec8abd5a2" executionId="863bf143-fe2d-4fc1-b97b-64bc6703b0f2" testListId="8c84fa94-04c1-424b-9868-57a2d4851a1d" />
    <TestEntry testId="ec67df93-6768-b7e6-8a9a-f367b055c6a2" executionId="c1cd9f70-a5d1-494a-87de-6a537151faee" testListId="8c84fa94-04c1-424b-9868-57a2d4851a1d" />
    <TestEntry testId="a57a7a31-9fc1-9a1e-f57f-94d3872e1d1b" executionId="97780595-2a8e-4db1-ae3d-1a5a1121296a" testListId="8c84fa94-04c1-424b-9868-57a2d4851a1d" />
    <TestEntry testId="7a9af2aa-4232-6071-5fae-fcc706545077" executionId="0c43535f-7bac-43b0-8d10-faa2046f5469" testListId="8c84fa94-04c1-424b-9868-57a2d4851a1d" />
    <TestEntry testId="1a5bf4c5-12fa-a8a8-1e7e-e8aa12a6f34b" executionId="0399d4ad-7236-4fb8-9657-6fae7884793d" testListId="8c84fa94-04c1-424b-9868-57a2d4851a1d" />
    <TestEntry testId="783670f0-9c09-a934-5435-1943968b3411" executionId="feb8e08a-b81f-4448-8654-6fce24278d70" testListId="8c84fa94-04c1-424b-9868-57a2d4851a1d" />
    <TestEntry testId="ae442de7-9ffe-d63d-fc41-ca2e7dea0e5b" executionId="b284a7d6-deeb-47ac-96fd-08a240e1aa6c" testListId="8c84fa94-04c1-424b-9868-57a2d4851a1d" />
    <TestEntry testId="e288cad1-ff99-21dd-7202-9de71c3aabbc" executionId="6e23941d-a347-41bc-972f-4493b27fb344" testListId="8c84fa94-04c1-424b-9868-57a2d4851a1d" />
    <TestEntry testId="0cd6c87e-7509-9827-0e24-765cad2f9931" executionId="2a5e5475-48d6-4a88-974a-f99a33d1a26f" testListId="8c84fa94-04c1-424b-9868-57a2d4851a1d" />
    <TestEntry testId="907d1771-3cf9-90ca-5ebb-87c20bf1d71c" executionId="3ff5a856-ea9e-4ab5-ba99-59f2ed0a3ca3" testListId="8c84fa94-04c1-424b-9868-57a2d4851a1d" />
    <TestEntry testId="0eab6b6c-a675-4d0f-db35-35fdc6682e68" executionId="9330b40e-e403-4ed3-aa10-1b28e054f566" testListId="8c84fa94-04c1-424b-9868-57a2d4851a1d" />
    <TestEntry testId="bb282ee9-259f-d1bb-f3b2-d115730e29fd" executionId="e1f0ba3b-417c-4ad2-ab25-cc4f3e2b01dc" testListId="8c84fa94-04c1-424b-9868-57a2d4851a1d" />
    <TestEntry testId="307519a8-6882-17ac-f7fa-457eb86d622d" executionId="8411f834-b411-43c7-b570-a3868540a966" testListId="8c84fa94-04c1-424b-9868-57a2d4851a1d" />
    <TestEntry testId="c524b99c-56a6-8c16-1bdb-55ace1f07dcc" executionId="fc8de990-a06d-41ec-a133-208c164fcdde" testListId="8c84fa94-04c1-424b-9868-57a2d4851a1d" />
    <TestEntry testId="ef8b37e8-a66e-4682-7560-fa1414e4866e" executionId="8a071f18-507e-4dac-b7c6-580f2e920c9b" testListId="8c84fa94-04c1-424b-9868-57a2d4851a1d" />
    <TestEntry testId="b4191824-24f1-1537-064c-3b4bd7395847" executionId="9cdced48-36e2-4a0c-b60b-b187379464c8" testListId="8c84fa94-04c1-424b-9868-57a2d4851a1d" />
    <TestEntry testId="159359c9-7aa8-518b-fc2c-4100a23ddb48" executionId="fcc518e8-2754-405e-acfd-8fcb3ac7939a" testListId="8c84fa94-04c1-424b-9868-57a2d4851a1d" />
    <TestEntry testId="5abf9215-f18a-67b2-a2b3-3f069a731399" executionId="6e76a55a-038f-4a33-a51a-c4132b7012c6" testListId="8c84fa94-04c1-424b-9868-57a2d4851a1d" />
    <TestEntry testId="c80c0f0b-ebfc-59eb-fd7d-ec56b5e759f0" executionId="f00b8af8-7a1c-451d-b723-678d2f5bb64c" testListId="8c84fa94-04c1-424b-9868-57a2d4851a1d" />
    <TestEntry testId="00d81dce-d8a3-97d2-8f84-39090b59bc3e" executionId="ef2a2f5a-226d-4ba6-bb3e-15200c1deb5f" testListId="8c84fa94-04c1-424b-9868-57a2d4851a1d" />
    <TestEntry testId="e5f4b533-4739-761b-9135-a3462a6471cf" executionId="5945f45d-05ef-48ba-bbff-8fe6cb291408" testListId="8c84fa94-04c1-424b-9868-57a2d4851a1d" />
    <TestEntry testId="8af3ddd3-551f-ef2b-3bfc-b6c29e9c5033" executionId="dfe856c6-bfa2-4a20-a61f-449cedd5df3c" testListId="8c84fa94-04c1-424b-9868-57a2d4851a1d" />
    <TestEntry testId="4ef4f0ce-8adc-274b-5b15-4c7e87514c6b" executionId="f9829d96-ce20-4eb2-bf18-eec03a5a2592" testListId="8c84fa94-04c1-424b-9868-57a2d4851a1d" />
    <TestEntry testId="5f475eae-bd87-0d44-5a91-79f56fad584c" executionId="9d73fc8b-a523-47cf-97a6-227c192695eb" testListId="8c84fa94-04c1-424b-9868-57a2d4851a1d" />
    <TestEntry testId="ceb12d8a-0b6e-0daa-573c-5f8961ec363b" executionId="bf5b1971-724f-4c25-965e-c8d3f6befecb" testListId="8c84fa94-04c1-424b-9868-57a2d4851a1d" />
    <TestEntry testId="e1e00282-1286-1e3d-d2e7-052f6930255f" executionId="5b4eeae5-6934-4e9f-b92a-9d5b29042010" testListId="8c84fa94-04c1-424b-9868-57a2d4851a1d" />
    <TestEntry testId="6714c2c1-d6a4-26a3-e71e-ea380d3a424f" executionId="3d1c3348-72dd-4396-8984-3d778a454b2c" testListId="8c84fa94-04c1-424b-9868-57a2d4851a1d" />
    <TestEntry testId="139205d2-80eb-a4b7-8709-194d3100bb36" executionId="0f1d58cb-6c95-49e6-a34c-15e78c27a13e" testListId="8c84fa94-04c1-424b-9868-57a2d4851a1d" />
    <TestEntry testId="c88443ee-c101-f3ce-4842-f8dd8dd4ff17" executionId="8718773e-2186-41f0-b528-72349906cfd0" testListId="8c84fa94-04c1-424b-9868-57a2d4851a1d" />
    <TestEntry testId="0119f3a7-9be5-30e3-6ac1-f89e1e701fc2" executionId="fe857fee-d5cc-4310-8204-51ceef9e5578" testListId="8c84fa94-04c1-424b-9868-57a2d4851a1d" />
    <TestEntry testId="6e333055-9d14-0a12-2a1c-77aee4589864" executionId="de674bc5-e236-408d-b3e5-98a4a1c6e45f" testListId="8c84fa94-04c1-424b-9868-57a2d4851a1d" />
    <TestEntry testId="5edba8e4-ee3b-92af-7661-13f56ec84a71" executionId="bc2e7b13-6fec-4ddc-bbd0-d7a53d2839af" testListId="8c84fa94-04c1-424b-9868-57a2d4851a1d" />
    <TestEntry testId="1216c26a-6cdf-9797-0a0f-40147bfafa39" executionId="377bf735-a8af-415a-9826-3f6f66d09e70" testListId="8c84fa94-04c1-424b-9868-57a2d4851a1d" />
    <TestEntry testId="ba30d429-d0dc-7e6b-caec-b924046f1af6" executionId="825debf7-ede1-4ebe-b1c7-4878bec81d96" testListId="8c84fa94-04c1-424b-9868-57a2d4851a1d" />
    <TestEntry testId="55b3b616-4428-042e-b66e-f01ebf5d57b6" executionId="75394bea-5efe-47dc-8df6-3bbde7c1b683" testListId="8c84fa94-04c1-424b-9868-57a2d4851a1d" />
    <TestEntry testId="ebba5891-495e-3f32-1315-0911eb09d022" executionId="b3a6281c-15b6-4e7f-9d45-f3b85b015435" testListId="8c84fa94-04c1-424b-9868-57a2d4851a1d" />
    <TestEntry testId="8e77ed86-2a8a-2e47-2f46-595f153e26cd" executionId="a814ff85-6cc6-444b-962a-3cbec9e2f122" testListId="8c84fa94-04c1-424b-9868-57a2d4851a1d" />
    <TestEntry testId="b15b34f6-3da6-31e8-9152-706780b71065" executionId="cb7b1505-5ca8-4dc5-b0ac-159ecbee7b49" testListId="8c84fa94-04c1-424b-9868-57a2d4851a1d" />
    <TestEntry testId="ba2818dc-a5c1-960e-638d-698911a59a50" executionId="3637aa70-6538-414c-ab08-c7131892c230" testListId="8c84fa94-04c1-424b-9868-57a2d4851a1d" />
    <TestEntry testId="dd1a4786-d5fd-088f-7016-0ad1f8151bb9" executionId="8c3962be-cd27-4cdc-b548-cd8a3a62df20" testListId="8c84fa94-04c1-424b-9868-57a2d4851a1d" />
    <TestEntry testId="5b069a88-718a-63d6-d549-609b20d13ed7" executionId="0ec1d03a-7a5d-42cb-a089-905d58b90910" testListId="8c84fa94-04c1-424b-9868-57a2d4851a1d" />
    <TestEntry testId="97d18918-7100-3966-8780-ade7fe8eb4f1" executionId="5801e906-1a0d-499b-8bd0-8c003442a531" testListId="8c84fa94-04c1-424b-9868-57a2d4851a1d" />
    <TestEntry testId="e38bc340-15b1-e11a-7038-71101b7fbcc4" executionId="3bcf4758-6ec5-44bc-a26f-2f9589edaa72" testListId="8c84fa94-04c1-424b-9868-57a2d4851a1d" />
    <TestEntry testId="292ad95f-3dff-b143-9785-71ba689f574e" executionId="53c91d1c-5896-4509-8cff-92aed58b698c" testListId="8c84fa94-04c1-424b-9868-57a2d4851a1d" />
  </TestEntries>
  <TestLists>
    <TestList name="Results Not in a List" id="8c84fa94-04c1-424b-9868-57a2d4851a1d" />
    <TestList name="All Loaded Results" id="19431567-8539-422a-85d7-44ee4e166bda" />
  </TestLists>
  <ResultSummary outcome="Completed">
    <Counters total="69" executed="69" passed="69" failed="0" error="0" timeout="0" aborted="0" inconclusive="0" passedButRunAborted="0" notRunnable="0" notExecuted="0" disconnected="0" warning="0" completed="0" inProgress="0" pending="0" />
    <Output>
      <StdOut>[xUnit.net 00:00:00.00] xUnit.net VSTest Adapter v2.8.2+699d445a1a (64-bit .NET 10.0.8)&#xD;
[xUnit.net 00:00:06.28]   Discovering: EduTracker.Domain.Tests&#xD;
[xUnit.net 00:00:06.75]   Discovered:  EduTracker.Domain.Tests&#xD;
[xUnit.net 00:00:06.76]   Starting:    EduTracker.Domain.Tests&#xD;
[xUnit.net 00:00:08.94]   Finished:    EduTracker.Domain.Tests&#xD;
</StdOut>
    </Output>
    <CollectorDataEntries>
      <Collector agentName="KING_VINCENZO" uri="datacollector://microsoft/CoverletCodeCoverage/1.0" collectorDisplayName="XPlat code coverage">
        <UriAttachments>
          <UriAttachment>
            <A href="KING_VINCENZO\coverage.cobertura.xml"></A>
          </UriAttachment>
        </UriAttachments>
      </Collector>
    </CollectorDataEntries>
  </ResultSummary>
</TestRun>